<?xml version="1.0"?>
<link_info>
   <banner>TI ARM Linker PC v15.12.3.LTS</banner>
   <copyright>Copyright (c) 1996-2015 Texas Instruments Incorporated</copyright>
   <link_time>0x6579cc5a</link_time>
   <link_errors>0x0</link_errors>
   <output_file>Project.out</output_file>
   <entry_point>
      <name>_c_int00</name>
      <address>0x35a1</address>
   </entry_point>
   <input_file_list>
      <input_file id="fl-2">
         <path>.\</path>
         <kind>object</kind>
         <file>LCD.obj</file>
         <name>LCD.obj</name>
      </input_file>
      <input_file id="fl-3">
         <path>.\</path>
         <kind>object</kind>
         <file>keypad.obj</file>
         <name>keypad.obj</name>
      </input_file>
      <input_file id="fl-4">
         <path>.\</path>
         <kind>object</kind>
         <file>main.obj</file>
         <name>main.obj</name>
      </input_file>
      <input_file id="fl-5">
         <path>.\</path>
         <kind>object</kind>
         <file>startup_msp432p401r_ccs.obj</file>
         <name>startup_msp432p401r_ccs.obj</name>
      </input_file>
      <input_file id="fl-6">
         <path>.\</path>
         <kind>object</kind>
         <file>system_msp432p401r.obj</file>
         <name>system_msp432p401r.obj</name>
      </input_file>
      <input_file id="fl-c">
         <path>..\</path>
         <kind>archive</kind>
         <file>msp432p4xx_driverlib.lib</file>
         <name>adc14.o</name>
      </input_file>
      <input_file id="fl-d">
         <path>..\</path>
         <kind>archive</kind>
         <file>msp432p4xx_driverlib.lib</file>
         <name>cs.o</name>
      </input_file>
      <input_file id="fl-e">
         <path>..\</path>
         <kind>archive</kind>
         <file>msp432p4xx_driverlib.lib</file>
         <name>gpio.o</name>
      </input_file>
      <input_file id="fl-f">
         <path>..\</path>
         <kind>archive</kind>
         <file>msp432p4xx_driverlib.lib</file>
         <name>interrupt.o</name>
      </input_file>
      <input_file id="fl-10">
         <path>..\</path>
         <kind>archive</kind>
         <file>msp432p4xx_driverlib.lib</file>
         <name>rtc_c.o</name>
      </input_file>
      <input_file id="fl-11">
         <path>..\</path>
         <kind>archive</kind>
         <file>msp432p4xx_driverlib.lib</file>
         <name>sysctl.o</name>
      </input_file>
      <input_file id="fl-12">
         <path>..\</path>
         <kind>archive</kind>
         <file>msp432p4xx_driverlib.lib</file>
         <name>uart.o</name>
      </input_file>
      <input_file id="fl-13">
         <path>..\</path>
         <kind>archive</kind>
         <file>msp432p4xx_driverlib.lib</file>
         <name>wdt_a.o</name>
      </input_file>
      <input_file id="fl-14">
         <path>..\</path>
         <kind>archive</kind>
         <file>msp432p4xx_driverlib.lib</file>
         <name>cpu.o</name>
      </input_file>
      <input_file id="fl-ca">
         <path>C:\ti\ccsv6\tools\compiler\arm_15.12.3.LTS\lib\</path>
         <kind>archive</kind>
         <file>rtsv7M4_T_le_v4SPD16_eabi.lib</file>
         <name>boot.obj</name>
      </input_file>
      <input_file id="fl-cb">
         <path>C:\ti\ccsv6\tools\compiler\arm_15.12.3.LTS\lib\</path>
         <kind>archive</kind>
         <file>rtsv7M4_T_le_v4SPD16_eabi.lib</file>
         <name>copy_decompress_none.obj</name>
      </input_file>
      <input_file id="fl-cc">
         <path>C:\ti\ccsv6\tools\compiler\arm_15.12.3.LTS\lib\</path>
         <kind>archive</kind>
         <file>rtsv7M4_T_le_v4SPD16_eabi.lib</file>
         <name>copy_decompress_rle.obj</name>
      </input_file>
      <input_file id="fl-cd">
         <path>C:\ti\ccsv6\tools\compiler\arm_15.12.3.LTS\lib\</path>
         <kind>archive</kind>
         <file>rtsv7M4_T_le_v4SPD16_eabi.lib</file>
         <name>copy_zero_init.obj</name>
      </input_file>
      <input_file id="fl-ce">
         <path>C:\ti\ccsv6\tools\compiler\arm_15.12.3.LTS\lib\</path>
         <kind>archive</kind>
         <file>rtsv7M4_T_le_v4SPD16_eabi.lib</file>
         <name>exit.obj</name>
      </input_file>
      <input_file id="fl-cf">
         <path>C:\ti\ccsv6\tools\compiler\arm_15.12.3.LTS\lib\</path>
         <kind>archive</kind>
         <file>rtsv7M4_T_le_v4SPD16_eabi.lib</file>
         <name>fd_mul_t2.obj</name>
      </input_file>
      <input_file id="fl-d0">
         <path>C:\ti\ccsv6\tools\compiler\arm_15.12.3.LTS\lib\</path>
         <kind>archive</kind>
         <file>rtsv7M4_T_le_v4SPD16_eabi.lib</file>
         <name>fd_tos_t2.obj</name>
      </input_file>
      <input_file id="fl-d1">
         <path>C:\ti\ccsv6\tools\compiler\arm_15.12.3.LTS\lib\</path>
         <kind>archive</kind>
         <file>rtsv7M4_T_le_v4SPD16_eabi.lib</file>
         <name>fs_tod_t2.obj</name>
      </input_file>
      <input_file id="fl-d2">
         <path>C:\ti\ccsv6\tools\compiler\arm_15.12.3.LTS\lib\</path>
         <kind>archive</kind>
         <file>rtsv7M4_T_le_v4SPD16_eabi.lib</file>
         <name>memcpy_t2.obj</name>
      </input_file>
      <input_file id="fl-d3">
         <path>C:\ti\ccsv6\tools\compiler\arm_15.12.3.LTS\lib\</path>
         <kind>archive</kind>
         <file>rtsv7M4_T_le_v4SPD16_eabi.lib</file>
         <name>memset_t2.obj</name>
      </input_file>
      <input_file id="fl-d4">
         <path>C:\ti\ccsv6\tools\compiler\arm_15.12.3.LTS\lib\</path>
         <kind>archive</kind>
         <file>rtsv7M4_T_le_v4SPD16_eabi.lib</file>
         <name>mpu_init.obj</name>
      </input_file>
      <input_file id="fl-d5">
         <path>C:\ti\ccsv6\tools\compiler\arm_15.12.3.LTS\lib\</path>
         <kind>archive</kind>
         <file>rtsv7M4_T_le_v4SPD16_eabi.lib</file>
         <name>pre_init.obj</name>
      </input_file>
      <input_file id="fl-d6">
         <path>C:\ti\ccsv6\tools\compiler\arm_15.12.3.LTS\lib\</path>
         <kind>archive</kind>
         <file>rtsv7M4_T_le_v4SPD16_eabi.lib</file>
         <name>sprintf.obj</name>
      </input_file>
      <input_file id="fl-d7">
         <path>C:\ti\ccsv6\tools\compiler\arm_15.12.3.LTS\lib\</path>
         <kind>archive</kind>
         <file>rtsv7M4_T_le_v4SPD16_eabi.lib</file>
         <name>stkdepth_vars.obj</name>
      </input_file>
      <input_file id="fl-d8">
         <path>C:\ti\ccsv6\tools\compiler\arm_15.12.3.LTS\lib\</path>
         <kind>archive</kind>
         <file>rtsv7M4_T_le_v4SPD16_eabi.lib</file>
         <name>strcat.obj</name>
      </input_file>
      <input_file id="fl-d9">
         <path>C:\ti\ccsv6\tools\compiler\arm_15.12.3.LTS\lib\</path>
         <kind>archive</kind>
         <file>rtsv7M4_T_le_v4SPD16_eabi.lib</file>
         <name>strcpy.obj</name>
      </input_file>
      <input_file id="fl-da">
         <path>C:\ti\ccsv6\tools\compiler\arm_15.12.3.LTS\lib\</path>
         <kind>archive</kind>
         <file>rtsv7M4_T_le_v4SPD16_eabi.lib</file>
         <name>u_tofd_t2.obj</name>
      </input_file>
      <input_file id="fl-db">
         <path>C:\ti\ccsv6\tools\compiler\arm_15.12.3.LTS\lib\</path>
         <kind>archive</kind>
         <file>rtsv7M4_T_le_v4SPD16_eabi.lib</file>
         <name>_lock.obj</name>
      </input_file>
      <input_file id="fl-dc">
         <path>C:\ti\ccsv6\tools\compiler\arm_15.12.3.LTS\lib\</path>
         <kind>archive</kind>
         <file>rtsv7M4_T_le_v4SPD16_eabi.lib</file>
         <name>_printfi.obj</name>
      </input_file>
      <input_file id="fl-dd">
         <path>C:\ti\ccsv6\tools\compiler\arm_15.12.3.LTS\lib\</path>
         <kind>archive</kind>
         <file>rtsv7M4_T_le_v4SPD16_eabi.lib</file>
         <name>args_main.obj</name>
      </input_file>
      <input_file id="fl-de">
         <path>C:\ti\ccsv6\tools\compiler\arm_15.12.3.LTS\lib\</path>
         <kind>archive</kind>
         <file>rtsv7M4_T_le_v4SPD16_eabi.lib</file>
         <name>atoi.obj</name>
      </input_file>
      <input_file id="fl-df">
         <path>C:\ti\ccsv6\tools\compiler\arm_15.12.3.LTS\lib\</path>
         <kind>archive</kind>
         <file>rtsv7M4_T_le_v4SPD16_eabi.lib</file>
         <name>autoinit.obj</name>
      </input_file>
      <input_file id="fl-e0">
         <path>C:\ti\ccsv6\tools\compiler\arm_15.12.3.LTS\lib\</path>
         <kind>archive</kind>
         <file>rtsv7M4_T_le_v4SPD16_eabi.lib</file>
         <name>cpy_tbl.obj</name>
      </input_file>
      <input_file id="fl-e1">
         <path>C:\ti\ccsv6\tools\compiler\arm_15.12.3.LTS\lib\</path>
         <kind>archive</kind>
         <file>rtsv7M4_T_le_v4SPD16_eabi.lib</file>
         <name>ctype.obj</name>
      </input_file>
      <input_file id="fl-e2">
         <path>C:\ti\ccsv6\tools\compiler\arm_15.12.3.LTS\lib\</path>
         <kind>archive</kind>
         <file>rtsv7M4_T_le_v4SPD16_eabi.lib</file>
         <name>fd_add_t2.obj</name>
      </input_file>
      <input_file id="fl-e3">
         <path>C:\ti\ccsv6\tools\compiler\arm_15.12.3.LTS\lib\</path>
         <kind>archive</kind>
         <file>rtsv7M4_T_le_v4SPD16_eabi.lib</file>
         <name>fd_cmp_t2.obj</name>
      </input_file>
      <input_file id="fl-e4">
         <path>C:\ti\ccsv6\tools\compiler\arm_15.12.3.LTS\lib\</path>
         <kind>archive</kind>
         <file>rtsv7M4_T_le_v4SPD16_eabi.lib</file>
         <name>fd_div_t2.obj</name>
      </input_file>
      <input_file id="fl-e5">
         <path>C:\ti\ccsv6\tools\compiler\arm_15.12.3.LTS\lib\</path>
         <kind>archive</kind>
         <file>rtsv7M4_T_le_v4SPD16_eabi.lib</file>
         <name>fd_toi_t2.obj</name>
      </input_file>
      <input_file id="fl-e6">
         <path>C:\ti\ccsv6\tools\compiler\arm_15.12.3.LTS\lib\</path>
         <kind>archive</kind>
         <file>rtsv7M4_T_le_v4SPD16_eabi.lib</file>
         <name>i_tofd_t2.obj</name>
      </input_file>
      <input_file id="fl-e7">
         <path>C:\ti\ccsv6\tools\compiler\arm_15.12.3.LTS\lib\</path>
         <kind>archive</kind>
         <file>rtsv7M4_T_le_v4SPD16_eabi.lib</file>
         <name>ltoa.obj</name>
      </input_file>
      <input_file id="fl-e8">
         <path>C:\ti\ccsv6\tools\compiler\arm_15.12.3.LTS\lib\</path>
         <kind>archive</kind>
         <file>rtsv7M4_T_le_v4SPD16_eabi.lib</file>
         <name>memccpy.obj</name>
      </input_file>
      <input_file id="fl-e9">
         <path>C:\ti\ccsv6\tools\compiler\arm_15.12.3.LTS\lib\</path>
         <kind>archive</kind>
         <file>rtsv7M4_T_le_v4SPD16_eabi.lib</file>
         <name>s_frexp.obj</name>
      </input_file>
      <input_file id="fl-ea">
         <path>C:\ti\ccsv6\tools\compiler\arm_15.12.3.LTS\lib\</path>
         <kind>archive</kind>
         <file>rtsv7M4_T_le_v4SPD16_eabi.lib</file>
         <name>s_scalbn.obj</name>
      </input_file>
      <input_file id="fl-eb">
         <path>C:\ti\ccsv6\tools\compiler\arm_15.12.3.LTS\lib\</path>
         <kind>archive</kind>
         <file>rtsv7M4_T_le_v4SPD16_eabi.lib</file>
         <name>startup.obj</name>
      </input_file>
      <input_file id="fl-ec">
         <path>C:\ti\ccsv6\tools\compiler\arm_15.12.3.LTS\lib\</path>
         <kind>archive</kind>
         <file>rtsv7M4_T_le_v4SPD16_eabi.lib</file>
         <name>strchr.obj</name>
      </input_file>
      <input_file id="fl-ed">
         <path>C:\ti\ccsv6\tools\compiler\arm_15.12.3.LTS\lib\</path>
         <kind>archive</kind>
         <file>rtsv7M4_T_le_v4SPD16_eabi.lib</file>
         <name>strlen.obj</name>
      </input_file>
      <input_file id="fl-ee">
         <path>C:\ti\ccsv6\tools\compiler\arm_15.12.3.LTS\lib\</path>
         <kind>archive</kind>
         <file>rtsv7M4_T_le_v4SPD16_eabi.lib</file>
         <name>ull_div_t2.obj</name>
      </input_file>
      <input_file id="fl-ef">
         <path>C:\ti\ccsv6\tools\compiler\arm_15.12.3.LTS\lib\</path>
         <kind>archive</kind>
         <file>rtsv7M4_T_le_v4SPD16_eabi.lib</file>
         <name>errno.obj</name>
      </input_file>
      <input_file id="fl-f0">
         <path>C:\ti\ccsv6\tools\compiler\arm_15.12.3.LTS\lib\</path>
         <kind>archive</kind>
         <file>rtsv7M4_T_le_v4SPD16_eabi.lib</file>
         <name>s_copysign.obj</name>
      </input_file>
   </input_file_list>
   <object_component_list>
      <object_component id="oc-2c">
         <name>.intvecs:retain</name>
         <load_address>0x0</load_address>
         <run_address>0x0</run_address>
         <size>0xe4</size>
         <input_file_ref idref="fl-5"/>
      </object_component>
      <object_component id="oc-24c">
         <name>.text</name>
         <load_address>0xe4</load_address>
         <run_address>0xe4</run_address>
         <size>0x1110</size>
         <input_file_ref idref="fl-dc"/>
      </object_component>
      <object_component id="oc-7d">
         <name>.text</name>
         <load_address>0x11f4</load_address>
         <run_address>0x11f4</run_address>
         <size>0xd48</size>
         <input_file_ref idref="fl-4"/>
      </object_component>
      <object_component id="oc-bb">
         <name>.text</name>
         <load_address>0x1f3c</load_address>
         <run_address>0x1f3c</run_address>
         <size>0x32c</size>
         <input_file_ref idref="fl-6"/>
      </object_component>
      <object_component id="oc-c2">
         <name>.text</name>
         <load_address>0x2268</load_address>
         <run_address>0x2268</run_address>
         <size>0x20c</size>
         <input_file_ref idref="fl-2"/>
      </object_component>
      <object_component id="oc-2ab">
         <name>.text</name>
         <load_address>0x2474</load_address>
         <run_address>0x2474</run_address>
         <size>0x1f4</size>
         <input_file_ref idref="fl-ee"/>
      </object_component>
      <object_component id="oc-2d5">
         <name>.text</name>
         <load_address>0x2668</load_address>
         <run_address>0x2668</run_address>
         <size>0x1b6</size>
         <input_file_ref idref="fl-e2"/>
      </object_component>
      <object_component id="oc-55">
         <name>.text</name>
         <load_address>0x281e</load_address>
         <run_address>0x281e</run_address>
         <size>0x2</size>
         <input_file_ref idref="fl-d4"/>
      </object_component>
      <object_component id="oc-d4">
         <name>.text</name>
         <load_address>0x2820</load_address>
         <run_address>0x2820</run_address>
         <size>0x19c</size>
         <input_file_ref idref="fl-3"/>
      </object_component>
      <object_component id="oc-27c">
         <name>.text:_getIndexForMemRegister</name>
         <load_address>0x29bc</load_address>
         <run_address>0x29bc</run_address>
         <size>0x154</size>
         <input_file_ref idref="fl-c"/>
      </object_component>
      <object_component id="oc-2bb">
         <name>.text</name>
         <load_address>0x2b10</load_address>
         <run_address>0x2b10</run_address>
         <size>0x136</size>
         <input_file_ref idref="fl-e4"/>
      </object_component>
      <object_component id="oc-157">
         <name>.text</name>
         <load_address>0x2c46</load_address>
         <run_address>0x2c46</run_address>
         <size>0xfc</size>
         <input_file_ref idref="fl-cf"/>
      </object_component>
      <object_component id="oc-a6">
         <name>.text</name>
         <load_address>0x2d42</load_address>
         <run_address>0x2d42</run_address>
         <size>0x2</size>
         <input_file_ref idref="fl-eb"/>
      </object_component>
      <object_component id="oc-2e0">
         <name>.text</name>
         <load_address>0x2d44</load_address>
         <run_address>0x2d44</run_address>
         <size>0xfc</size>
         <input_file_ref idref="fl-ea"/>
      </object_component>
      <object_component id="oc-26c">
         <name>.text:CS_startLFXTWithTimeout</name>
         <load_address>0x2e40</load_address>
         <run_address>0x2e40</run_address>
         <size>0x9c</size>
         <input_file_ref idref="fl-d"/>
      </object_component>
      <object_component id="oc-30">
         <name>.text</name>
         <load_address>0x2edc</load_address>
         <run_address>0x2edc</run_address>
         <size>0x9c</size>
         <input_file_ref idref="fl-d2"/>
      </object_component>
      <object_component id="oc-173">
         <name>.text:UART_initModule</name>
         <load_address>0x2f78</load_address>
         <run_address>0x2f78</run_address>
         <size>0x94</size>
         <input_file_ref idref="fl-12"/>
      </object_component>
      <object_component id="oc-2b6">
         <name>.text:__aeabi_cdcmple</name>
         <load_address>0x300c</load_address>
         <run_address>0x300c</run_address>
         <size>0x86</size>
         <input_file_ref idref="fl-e3"/>
      </object_component>
      <object_component id="oc-2c0">
         <name>.text:__aeabi_cdrcmple</name>
         <load_address>0x3092</load_address>
         <run_address>0x3092</run_address>
         <size>0x86</size>
         <input_file_ref idref="fl-e3"/>
      </object_component>
      <object_component id="oc-49">
         <name>.text</name>
         <load_address>0x3118</load_address>
         <run_address>0x3118</run_address>
         <size>0x7a</size>
         <input_file_ref idref="fl-d3"/>
      </object_component>
      <object_component id="oc-1af">
         <name>.text:ADC14_configureMultiSequenceMode</name>
         <load_address>0x3194</load_address>
         <run_address>0x3194</run_address>
         <size>0x78</size>
         <input_file_ref idref="fl-c"/>
      </object_component>
      <object_component id="oc-61">
         <name>.text</name>
         <load_address>0x320c</load_address>
         <run_address>0x320c</run_address>
         <size>0x70</size>
         <input_file_ref idref="fl-df"/>
      </object_component>
      <object_component id="oc-15c">
         <name>.text</name>
         <load_address>0x327c</load_address>
         <run_address>0x327c</run_address>
         <size>0x6e</size>
         <input_file_ref idref="fl-d0"/>
      </object_component>
      <object_component id="oc-1b5">
         <name>.text:ADC14_configureConversionMemory</name>
         <load_address>0x32ec</load_address>
         <run_address>0x32ec</run_address>
         <size>0x6c</size>
         <input_file_ref idref="fl-c"/>
      </object_component>
      <object_component id="oc-3c">
         <name>.text</name>
         <load_address>0x3358</load_address>
         <run_address>0x3358</run_address>
         <size>0x6a</size>
         <input_file_ref idref="fl-cc"/>
      </object_component>
      <object_component id="oc-197">
         <name>.text:Interrupt_enableInterrupt</name>
         <load_address>0x33c4</load_address>
         <run_address>0x33c4</run_address>
         <size>0x64</size>
         <input_file_ref idref="fl-f"/>
      </object_component>
      <object_component id="oc-2da">
         <name>.text</name>
         <load_address>0x3428</load_address>
         <run_address>0x3428</run_address>
         <size>0x64</size>
         <input_file_ref idref="fl-e9"/>
      </object_component>
      <object_component id="oc-140">
         <name>.text</name>
         <load_address>0x348c</load_address>
         <run_address>0x348c</run_address>
         <size>0x60</size>
         <input_file_ref idref="fl-d6"/>
      </object_component>
      <object_component id="oc-11c">
         <name>.text:RTC_C_initCalendar</name>
         <load_address>0x34ec</load_address>
         <run_address>0x34ec</run_address>
         <size>0x5c</size>
         <input_file_ref idref="fl-10"/>
      </object_component>
      <object_component id="oc-2ca">
         <name>.text</name>
         <load_address>0x3548</load_address>
         <run_address>0x3548</run_address>
         <size>0x56</size>
         <input_file_ref idref="fl-e7"/>
      </object_component>
      <object_component id="oc-26">
         <name>.text</name>
         <load_address>0x35a0</load_address>
         <run_address>0x35a0</run_address>
         <size>0x54</size>
         <input_file_ref idref="fl-ca"/>
      </object_component>
      <object_component id="oc-6d">
         <name>.text</name>
         <load_address>0x35f4</load_address>
         <run_address>0x35f4</run_address>
         <size>0x54</size>
         <input_file_ref idref="fl-ce"/>
      </object_component>
      <object_component id="oc-12c">
         <name>.text:RTC_C_clearInterruptFlag</name>
         <load_address>0x3648</load_address>
         <run_address>0x3648</run_address>
         <size>0x50</size>
         <input_file_ref idref="fl-10"/>
      </object_component>
      <object_component id="oc-2f2">
         <name>.text</name>
         <load_address>0x3698</load_address>
         <run_address>0x3698</run_address>
         <size>0x4c</size>
         <input_file_ref idref="fl-de"/>
      </object_component>
      <object_component id="oc-a0">
         <name>.text</name>
         <load_address>0x36e4</load_address>
         <run_address>0x36e4</run_address>
         <size>0x4c</size>
         <input_file_ref idref="fl-e0"/>
      </object_component>
      <object_component id="oc-167">
         <name>.text:GPIO_setAsPeripheralModuleFunctionInputPin</name>
         <load_address>0x3730</load_address>
         <run_address>0x3730</run_address>
         <size>0x48</size>
         <input_file_ref idref="fl-e"/>
      </object_component>
      <object_component id="oc-1c2">
         <name>.text:RTC_C_getEnabledInterruptStatus</name>
         <load_address>0x3778</load_address>
         <run_address>0x3778</run_address>
         <size>0x48</size>
         <input_file_ref idref="fl-10"/>
      </object_component>
      <object_component id="oc-2c5">
         <name>.text</name>
         <load_address>0x37c0</load_address>
         <run_address>0x37c0</run_address>
         <size>0x48</size>
         <input_file_ref idref="fl-e5"/>
      </object_component>
      <object_component id="oc-ec">
         <name>.text:ADC14_getMultiSequenceResult</name>
         <load_address>0x3808</load_address>
         <run_address>0x3808</run_address>
         <size>0x44</size>
         <input_file_ref idref="fl-c"/>
      </object_component>
      <object_component id="oc-132">
         <name>.text:RTC_C_enableInterrupt</name>
         <load_address>0x384c</load_address>
         <run_address>0x384c</run_address>
         <size>0x40</size>
         <input_file_ref idref="fl-10"/>
      </object_component>
      <object_component id="oc-1a3">
         <name>.text:ADC14_initModule</name>
         <load_address>0x388c</load_address>
         <run_address>0x388c</run_address>
         <size>0x38</size>
         <input_file_ref idref="fl-c"/>
      </object_component>
      <object_component id="oc-161">
         <name>.text</name>
         <load_address>0x38c4</load_address>
         <run_address>0x38c4</run_address>
         <size>0x38</size>
         <input_file_ref idref="fl-d1"/>
      </object_component>
      <object_component id="oc-2d0">
         <name>.text</name>
         <load_address>0x38fc</load_address>
         <run_address>0x38fc</run_address>
         <size>0x2e</size>
         <input_file_ref idref="fl-e6"/>
      </object_component>
      <object_component id="oc-da">
         <name>.text:ADC14_enableConversion</name>
         <load_address>0x392c</load_address>
         <run_address>0x392c</run_address>
         <size>0x2c</size>
         <input_file_ref idref="fl-c"/>
      </object_component>
      <object_component id="oc-285">
         <name>.text:RTC_C_getInterruptStatus</name>
         <load_address>0x3958</load_address>
         <run_address>0x3958</run_address>
         <size>0x2c</size>
         <input_file_ref idref="fl-10"/>
      </object_component>
      <object_component id="oc-191">
         <name>.text:RTC_C_setCalendarEvent</name>
         <load_address>0x3984</load_address>
         <run_address>0x3984</run_address>
         <size>0x2c</size>
         <input_file_ref idref="fl-10"/>
      </object_component>
      <object_component id="oc-1bb">
         <name>.text:ADC14_enableSampleTimer</name>
         <load_address>0x39b0</load_address>
         <run_address>0x39b0</run_address>
         <size>0x28</size>
         <input_file_ref idref="fl-c"/>
      </object_component>
      <object_component id="oc-16d">
         <name>.text:CS_setDCOCenteredFrequency</name>
         <load_address>0x39d8</load_address>
         <run_address>0x39d8</run_address>
         <size>0x24</size>
         <input_file_ref idref="fl-d"/>
      </object_component>
      <object_component id="oc-ce">
         <name>.text:GPIO_setAsOutputPin</name>
         <load_address>0x39fc</load_address>
         <run_address>0x39fc</run_address>
         <size>0x24</size>
         <input_file_ref idref="fl-e"/>
      </object_component>
      <object_component id="oc-116">
         <name>.text:RTC_C_holdClock</name>
         <load_address>0x3a20</load_address>
         <run_address>0x3a20</run_address>
         <size>0x24</size>
         <input_file_ref idref="fl-10"/>
      </object_component>
      <object_component id="oc-138">
         <name>.text:RTC_C_setCalendarAlarm</name>
         <load_address>0x3a44</load_address>
         <run_address>0x3a44</run_address>
         <size>0x24</size>
         <input_file_ref idref="fl-10"/>
      </object_component>
      <object_component id="oc-122">
         <name>.text:RTC_C_startClock</name>
         <load_address>0x3a68</load_address>
         <run_address>0x3a68</run_address>
         <size>0x24</size>
         <input_file_ref idref="fl-10"/>
      </object_component>
      <object_component id="oc-17f">
         <name>.text:UART_transmitData</name>
         <load_address>0x3a8c</load_address>
         <run_address>0x3a8c</run_address>
         <size>0x24</size>
         <input_file_ref idref="fl-12"/>
      </object_component>
      <object_component id="oc-e0">
         <name>.text:ADC14_toggleConversionTrigger</name>
         <load_address>0x3ab0</load_address>
         <run_address>0x3ab0</run_address>
         <size>0x20</size>
         <input_file_ref idref="fl-c"/>
      </object_component>
      <object_component id="oc-152">
         <name>.text</name>
         <load_address>0x3ad0</load_address>
         <run_address>0x3ad0</run_address>
         <size>0x20</size>
         <input_file_ref idref="fl-da"/>
      </object_component>
      <object_component id="oc-14c">
         <name>.text</name>
         <load_address>0x3af0</load_address>
         <run_address>0x3af0</run_address>
         <size>0x1e</size>
         <input_file_ref idref="fl-d8"/>
      </object_component>
      <object_component id="oc-e6">
         <name>.text:ADC14_getInterruptStatus</name>
         <load_address>0x3b10</load_address>
         <run_address>0x3b10</run_address>
         <size>0x1c</size>
         <input_file_ref idref="fl-c"/>
      </object_component>
      <object_component id="oc-2ec">
         <name>.text</name>
         <load_address>0x3b2c</load_address>
         <run_address>0x3b2c</run_address>
         <size>0x1c</size>
         <input_file_ref idref="fl-e8"/>
      </object_component>
      <object_component id="oc-c8">
         <name>.text:WDT_A_holdTimer</name>
         <load_address>0x3b48</load_address>
         <run_address>0x3b48</run_address>
         <size>0x18</size>
         <input_file_ref idref="fl-13"/>
      </object_component>
      <object_component id="oc-67">
         <name>.text</name>
         <load_address>0x3b60</load_address>
         <run_address>0x3b60</run_address>
         <size>0x18</size>
         <input_file_ref idref="fl-dd"/>
      </object_component>
      <object_component id="oc-2e6">
         <name>.text</name>
         <load_address>0x3b78</load_address>
         <run_address>0x3b78</run_address>
         <size>0x16</size>
         <input_file_ref idref="fl-ec"/>
      </object_component>
      <object_component id="oc-1a9">
         <name>.text:ADC14_setResolution</name>
         <load_address>0x3b90</load_address>
         <run_address>0x3b90</run_address>
         <size>0x14</size>
         <input_file_ref idref="fl-c"/>
      </object_component>
      <object_component id="oc-20f">
         <name>.text:ADCIsConversionRunning</name>
         <load_address>0x3ba4</load_address>
         <run_address>0x3ba4</run_address>
         <size>0x14</size>
         <input_file_ref idref="fl-c"/>
      </object_component>
      <object_component id="oc-185">
         <name>.text:CS_setExternalClockSourceFrequency</name>
         <load_address>0x3bb8</load_address>
         <run_address>0x3bb8</run_address>
         <size>0x14</size>
         <input_file_ref idref="fl-d"/>
      </object_component>
      <object_component id="oc-f2">
         <name>.text:GPIO_toggleOutputOnPin</name>
         <load_address>0x3bcc</load_address>
         <run_address>0x3bcc</run_address>
         <size>0x14</size>
         <input_file_ref idref="fl-e"/>
      </object_component>
      <object_component id="oc-1f7">
         <name>.text</name>
         <load_address>0x3be0</load_address>
         <run_address>0x3be0</run_address>
         <size>0x14</size>
         <input_file_ref idref="fl-db"/>
      </object_component>
      <object_component id="oc-34a">
         <name>.text</name>
         <load_address>0x3bf4</load_address>
         <run_address>0x3bf4</run_address>
         <size>0x14</size>
         <input_file_ref idref="fl-f0"/>
      </object_component>
      <object_component id="oc-146">
         <name>.text</name>
         <load_address>0x3c08</load_address>
         <run_address>0x3c08</run_address>
         <size>0x14</size>
         <input_file_ref idref="fl-d9"/>
      </object_component>
      <object_component id="oc-2b0">
         <name>.text</name>
         <load_address>0x3c1c</load_address>
         <run_address>0x3c1c</run_address>
         <size>0x14</size>
         <input_file_ref idref="fl-ed"/>
      </object_component>
      <object_component id="oc-19d">
         <name>.text:ADC14_enableModule</name>
         <load_address>0x3c30</load_address>
         <run_address>0x3c30</run_address>
         <size>0x10</size>
         <input_file_ref idref="fl-c"/>
      </object_component>
      <object_component id="oc-31e">
         <name>.text:SysCtl_disableNMISource</name>
         <load_address>0x3c40</load_address>
         <run_address>0x3c40</run_address>
         <size>0x10</size>
         <input_file_ref idref="fl-11"/>
      </object_component>
      <object_component id="oc-324">
         <name>.text:SysCtl_enableNMISource</name>
         <load_address>0x3c50</load_address>
         <run_address>0x3c50</run_address>
         <size>0x10</size>
         <input_file_ref idref="fl-11"/>
      </object_component>
      <object_component id="oc-14">
         <name>.text:decompress:none</name>
         <load_address>0x3c60</load_address>
         <run_address>0x3c60</run_address>
         <size>0xe</size>
         <input_file_ref idref="fl-cb"/>
      </object_component>
      <object_component id="oc-77">
         <name>.text</name>
         <load_address>0x3c6e</load_address>
         <run_address>0x3c6e</run_address>
         <size>0xe</size>
         <input_file_ref idref="fl-5"/>
      </object_component>
      <object_component id="oc-318">
         <name>.text:SysCtl_getNMISourceStatus</name>
         <load_address>0x3c7c</load_address>
         <run_address>0x3c7c</run_address>
         <size>0xc</size>
         <input_file_ref idref="fl-11"/>
      </object_component>
      <object_component id="oc-179">
         <name>.text:UART_enableModule</name>
         <load_address>0x3c88</load_address>
         <run_address>0x3c88</run_address>
         <size>0xc</size>
         <input_file_ref idref="fl-12"/>
      </object_component>
      <object_component id="oc-18b">
         <name>.text:CS_startLFXT</name>
         <load_address>0x3c94</load_address>
         <run_address>0x3c94</run_address>
         <size>0x6</size>
         <input_file_ref idref="fl-d"/>
      </object_component>
      <object_component id="oc-1a">
         <name>.text:decompress:rle24</name>
         <load_address>0x3c9a</load_address>
         <run_address>0x3c9a</run_address>
         <size>0x6</size>
         <input_file_ref idref="fl-cc"/>
      </object_component>
      <object_component id="oc-5b">
         <name>.text</name>
         <load_address>0x3ca0</load_address>
         <run_address>0x3ca0</run_address>
         <size>0x4</size>
         <input_file_ref idref="fl-d5"/>
      </object_component>
      <object_component id="oc-359">
         <name>.const:.string:_ctypes_</name>
         <load_address>0x3ca4</load_address>
         <run_address>0x3ca4</run_address>
         <size>0x101</size>
         <input_file_ref idref="fl-e1"/>
      </object_component>
      <object_component id="oc-218">
         <name>.const:_ctlRegs</name>
         <load_address>0x3da8</load_address>
         <run_address>0x3da8</run_address>
         <size>0x80</size>
         <input_file_ref idref="fl-c"/>
      </object_component>
      <object_component id="oc-274">
         <name>.const</name>
         <load_address>0x3e28</load_address>
         <run_address>0x3e28</run_address>
         <size>0x40</size>
         <input_file_ref idref="fl-f"/>
      </object_component>
      <object_component id="oc-1c9">
         <name>.const:$P$T0$1</name>
         <load_address>0x3e68</load_address>
         <run_address>0x3e68</run_address>
         <size>0x24</size>
         <input_file_ref idref="fl-4"/>
      </object_component>
      <object_component id="oc-101">
         <name>.const:currentTime</name>
         <load_address>0x3e8c</load_address>
         <run_address>0x3e8c</run_address>
         <size>0x1c</size>
         <input_file_ref idref="fl-4"/>
      </object_component>
      <object_component id="oc-3a8">
         <name>.cinit..data.load</name>
         <load_address>0x3ea8</load_address>
         <run_address>0x3ea8</run_address>
         <size>0x86</size>
      </object_component>
      <object_component id="oc-3a9">
         <name>.cinit..bss.load</name>
         <load_address>0x3f30</load_address>
         <run_address>0x3f30</run_address>
         <size>0x9</size>
      </object_component>
      <object_component id="oc-3a6">
         <name>__TI_handler_table</name>
         <load_address>0x3f3c</load_address>
         <run_address>0x3f3c</run_address>
         <size>0x8</size>
      </object_component>
      <object_component id="oc-3a7">
         <name>__TI_cinit_table</name>
         <load_address>0x3f44</load_address>
         <run_address>0x3f44</run_address>
         <size>0x10</size>
      </object_component>
      <object_component id="oc-383">
         <name>.binit</name>
         <load_address>0x0</load_address>
         <run_address>0x0</run_address>
         <size>0x0</size>
      </object_component>
      <object_component id="oc-fb">
         <name>.data:state_table</name>
         <load_address>0x20000084</load_address>
         <run_address>0x20000084</run_address>
         <size>0x8</size>
         <input_file_ref idref="fl-4"/>
      </object_component>
      <object_component id="oc-10b">
         <name>.data:chars</name>
         <load_address>0x2000004c</load_address>
         <run_address>0x2000004c</run_address>
         <size>0x11</size>
         <input_file_ref idref="fl-4"/>
      </object_component>
      <object_component id="oc-108">
         <name>.data:keyarray</name>
         <load_address>0x2000005d</load_address>
         <run_address>0x2000005d</run_address>
         <size>0x11</size>
         <input_file_ref idref="fl-4"/>
      </object_component>
      <object_component id="oc-10f">
         <name>.data:newTime</name>
         <load_address>0x20000030</load_address>
         <run_address>0x20000030</run_address>
         <size>0x1c</size>
         <input_file_ref idref="fl-4"/>
      </object_component>
      <object_component id="oc-203">
         <name>.data</name>
         <load_address>0x20000094</load_address>
         <run_address>0x20000094</run_address>
         <size>0x4</size>
         <input_file_ref idref="fl-6"/>
      </object_component>
      <object_component id="oc-209">
         <name>.data:GPIO_PORT_TO_BASE</name>
         <load_address>0x20000000</load_address>
         <run_address>0x20000000</run_address>
         <size>0x30</size>
         <input_file_ref idref="fl-e"/>
      </object_component>
      <object_component id="oc-b0">
         <name>.data:$O1$$</name>
         <load_address>0x20000070</load_address>
         <run_address>0x20000070</run_address>
         <size>0xc</size>
         <input_file_ref idref="fl-ce"/>
      </object_component>
      <object_component id="oc-73">
         <name>.data</name>
         <load_address>0x20000090</load_address>
         <run_address>0x20000090</run_address>
         <size>0x4</size>
         <input_file_ref idref="fl-d7"/>
      </object_component>
      <object_component id="oc-b3">
         <name>.data:$O1$$</name>
         <load_address>0x2000007c</load_address>
         <run_address>0x2000007c</run_address>
         <size>0x8</size>
         <input_file_ref idref="fl-db"/>
      </object_component>
      <object_component id="oc-350">
         <name>.data</name>
         <load_address>0x2000008c</load_address>
         <run_address>0x2000008c</run_address>
         <size>0x4</size>
         <input_file_ref idref="fl-ef"/>
      </object_component>
      <object_component id="oc-fe">
         <name>.bss:resultsBuffer</name>
         <uninitialized>true</uninitialized>
         <run_address>0x200000a4</run_address>
         <size>0x8</size>
         <input_file_ref idref="fl-4"/>
      </object_component>
      <object_component id="oc-f8">
         <name>.common:curr_state</name>
         <uninitialized>true</uninitialized>
         <run_address>0x200000bc</run_address>
         <size>0x1</size>
      </object_component>
      <object_component id="oc-107">
         <name>.common:d1</name>
         <uninitialized>true</uninitialized>
         <run_address>0x200000bd</run_address>
         <size>0x1</size>
      </object_component>
      <object_component id="oc-10e">
         <name>.common:d2</name>
         <uninitialized>true</uninitialized>
         <run_address>0x200000be</run_address>
         <size>0x1</size>
      </object_component>
      <object_component id="oc-112">
         <name>.common:m1</name>
         <uninitialized>true</uninitialized>
         <run_address>0x200000c4</run_address>
         <size>0x1</size>
      </object_component>
      <object_component id="oc-113">
         <name>.common:m2</name>
         <uninitialized>true</uninitialized>
         <run_address>0x200000c5</run_address>
         <size>0x1</size>
      </object_component>
      <object_component id="oc-114">
         <name>.common:y1</name>
         <uninitialized>true</uninitialized>
         <run_address>0x200000c9</run_address>
         <size>0x1</size>
      </object_component>
      <object_component id="oc-115">
         <name>.common:y2</name>
         <uninitialized>true</uninitialized>
         <run_address>0x200000ca</run_address>
         <size>0x1</size>
      </object_component>
      <object_component id="oc-128">
         <name>.common:y3</name>
         <uninitialized>true</uninitialized>
         <run_address>0x200000cb</run_address>
         <size>0x1</size>
      </object_component>
      <object_component id="oc-129">
         <name>.common:y4</name>
         <uninitialized>true</uninitialized>
         <run_address>0x200000cc</run_address>
         <size>0x1</size>
      </object_component>
      <object_component id="oc-12a">
         <name>.common:h1</name>
         <uninitialized>true</uninitialized>
         <run_address>0x200000bf</run_address>
         <size>0x1</size>
      </object_component>
      <object_component id="oc-12b">
         <name>.common:h2</name>
         <uninitialized>true</uninitialized>
         <run_address>0x200000c0</run_address>
         <size>0x1</size>
      </object_component>
      <object_component id="oc-13e">
         <name>.common:min1</name>
         <uninitialized>true</uninitialized>
         <run_address>0x200000c6</run_address>
         <size>0x1</size>
      </object_component>
      <object_component id="oc-13f">
         <name>.common:min2</name>
         <uninitialized>true</uninitialized>
         <run_address>0x200000c7</run_address>
         <size>0x1</size>
      </object_component>
      <object_component id="oc-105">
         <name>.common:keyC</name>
         <uninitialized>true</uninitialized>
         <run_address>0x200000c2</run_address>
         <size>0x1</size>
      </object_component>
      <object_component id="oc-106">
         <name>.common:keyN</name>
         <uninitialized>true</uninitialized>
         <run_address>0x200000c3</run_address>
         <size>0x1</size>
      </object_component>
      <object_component id="oc-104">
         <name>.common:i</name>
         <uninitialized>true</uninitialized>
         <run_address>0x200000b0</run_address>
         <size>0x4</size>
      </object_component>
      <object_component id="oc-1cc">
         <name>.common:k</name>
         <uninitialized>true</uninitialized>
         <run_address>0x200000b4</run_address>
         <size>0x4</size>
      </object_component>
      <object_component id="oc-1c1">
         <name>.common:minutes</name>
         <uninitialized>true</uninitialized>
         <run_address>0x200000c8</run_address>
         <size>0x1</size>
      </object_component>
      <object_component id="oc-166">
         <name>.common:hours</name>
         <uninitialized>true</uninitialized>
         <run_address>0x200000c1</run_address>
         <size>0x1</size>
      </object_component>
      <object_component id="oc-1c8">
         <name>.common:results</name>
         <uninitialized>true</uninitialized>
         <run_address>0x20000098</run_address>
         <size>0xc</size>
      </object_component>
      <object_component id="oc-26a">
         <name>.common:hfxtFreq</name>
         <uninitialized>true</uninitialized>
         <run_address>0x200000ac</run_address>
         <size>0x4</size>
      </object_component>
      <object_component id="oc-269">
         <name>.common:lfxtFreq</name>
         <uninitialized>true</uninitialized>
         <run_address>0x200000b8</run_address>
         <size>0x4</size>
      </object_component>
      <object_component id="oc-2f">
         <name>.stack</name>
         <uninitialized>true</uninitialized>
         <run_address>0x2000fe00</run_address>
         <size>0x0</size>
         <input_file_ref idref="fl-ca"/>
      </object_component>
      <object_component id="oc-3aa">
         <name>.stack</name>
         <uninitialized>true</uninitialized>
         <run_address>0x2000fe00</run_address>
         <size>0x0</size>
      </object_component>
      <object_component id="oc-2a8">
         <name>.debug_info</name>
         <load_address>0x0</load_address>
         <run_address>0x0</run_address>
         <size>0x372</size>
         <input_file_ref idref="fl-2"/>
      </object_component>
      <object_component id="oc-c3">
         <name>.debug_info</name>
         <load_address>0x372</load_address>
         <run_address>0x372</run_address>
         <size>0x541</size>
         <input_file_ref idref="fl-2"/>
      </object_component>
      <object_component id="oc-225">
         <name>.debug_info</name>
         <load_address>0x8b3</load_address>
         <run_address>0x8b3</run_address>
         <size>0x103e</size>
         <input_file_ref idref="fl-2"/>
      </object_component>
      <object_component id="oc-333">
         <name>.debug_info</name>
         <load_address>0x18f1</load_address>
         <run_address>0x18f1</run_address>
         <size>0x37a3</size>
         <input_file_ref idref="fl-2"/>
      </object_component>
      <object_component id="oc-8e">
         <name>.debug_info</name>
         <load_address>0x5094</load_address>
         <run_address>0x5094</run_address>
         <size>0x84</size>
         <input_file_ref idref="fl-2"/>
      </object_component>
      <object_component id="oc-1d8">
         <name>.debug_info</name>
         <load_address>0x5118</load_address>
         <run_address>0x5118</run_address>
         <size>0x18b</size>
         <input_file_ref idref="fl-2"/>
      </object_component>
      <object_component id="oc-d5">
         <name>.debug_info</name>
         <load_address>0x52a3</load_address>
         <run_address>0x52a3</run_address>
         <size>0x219</size>
         <input_file_ref idref="fl-3"/>
      </object_component>
      <object_component id="oc-f9">
         <name>.debug_info</name>
         <load_address>0x54bc</load_address>
         <run_address>0x54bc</run_address>
         <size>0xf6f</size>
         <input_file_ref idref="fl-4"/>
      </object_component>
      <object_component id="oc-fc">
         <name>.debug_info</name>
         <load_address>0x642b</load_address>
         <run_address>0x642b</run_address>
         <size>0xce</size>
         <input_file_ref idref="fl-4"/>
      </object_component>
      <object_component id="oc-10c">
         <name>.debug_info</name>
         <load_address>0x64f9</load_address>
         <run_address>0x64f9</run_address>
         <size>0xc2</size>
         <input_file_ref idref="fl-4"/>
      </object_component>
      <object_component id="oc-109">
         <name>.debug_info</name>
         <load_address>0x65bb</load_address>
         <run_address>0x65bb</run_address>
         <size>0xc8</size>
         <input_file_ref idref="fl-4"/>
      </object_component>
      <object_component id="oc-102">
         <name>.debug_info</name>
         <load_address>0x6683</load_address>
         <run_address>0x6683</run_address>
         <size>0xce</size>
         <input_file_ref idref="fl-4"/>
      </object_component>
      <object_component id="oc-110">
         <name>.debug_info</name>
         <load_address>0x6751</load_address>
         <run_address>0x6751</run_address>
         <size>0xc5</size>
         <input_file_ref idref="fl-4"/>
      </object_component>
      <object_component id="oc-ff">
         <name>.debug_info</name>
         <load_address>0x6816</load_address>
         <run_address>0x6816</run_address>
         <size>0xd1</size>
         <input_file_ref idref="fl-4"/>
      </object_component>
      <object_component id="oc-1ca">
         <name>.debug_info</name>
         <load_address>0x68e7</load_address>
         <run_address>0x68e7</run_address>
         <size>0xc6</size>
         <input_file_ref idref="fl-4"/>
      </object_component>
      <object_component id="oc-80">
         <name>.debug_info</name>
         <load_address>0x69ad</load_address>
         <run_address>0x69ad</run_address>
         <size>0x19df</size>
         <input_file_ref idref="fl-4"/>
      </object_component>
      <object_component id="oc-22f">
         <name>.debug_info</name>
         <load_address>0x838c</load_address>
         <run_address>0x838c</run_address>
         <size>0x48</size>
         <input_file_ref idref="fl-4"/>
      </object_component>
      <object_component id="oc-220">
         <name>.debug_info</name>
         <load_address>0x83d4</load_address>
         <run_address>0x83d4</run_address>
         <size>0x37a3</size>
         <input_file_ref idref="fl-4"/>
      </object_component>
      <object_component id="oc-234">
         <name>.debug_info</name>
         <load_address>0xbb77</load_address>
         <run_address>0xbb77</run_address>
         <size>0xc8</size>
         <input_file_ref idref="fl-4"/>
      </object_component>
      <object_component id="oc-311">
         <name>.debug_info</name>
         <load_address>0xbc3f</load_address>
         <run_address>0xbc3f</run_address>
         <size>0x1b5</size>
         <input_file_ref idref="fl-4"/>
      </object_component>
      <object_component id="oc-1d3">
         <name>.debug_info</name>
         <load_address>0xbdf4</load_address>
         <run_address>0xbdf4</run_address>
         <size>0xc6</size>
         <input_file_ref idref="fl-4"/>
      </object_component>
      <object_component id="oc-1ce">
         <name>.debug_info</name>
         <load_address>0xbeba</load_address>
         <run_address>0xbeba</run_address>
         <size>0x8b</size>
         <input_file_ref idref="fl-4"/>
      </object_component>
      <object_component id="oc-254">
         <name>.debug_info</name>
         <load_address>0xbf45</load_address>
         <run_address>0xbf45</run_address>
         <size>0x4e</size>
         <input_file_ref idref="fl-4"/>
      </object_component>
      <object_component id="oc-22a">
         <name>.debug_info</name>
         <load_address>0xbf93</load_address>
         <run_address>0xbf93</run_address>
         <size>0xee</size>
         <input_file_ref idref="fl-4"/>
      </object_component>
      <object_component id="oc-85">
         <name>.debug_info</name>
         <load_address>0xc081</load_address>
         <run_address>0xc081</run_address>
         <size>0x113</size>
         <input_file_ref idref="fl-5"/>
      </object_component>
      <object_component id="oc-2d">
         <name>.debug_info</name>
         <load_address>0xc194</load_address>
         <run_address>0xc194</run_address>
         <size>0xeb</size>
         <input_file_ref idref="fl-5"/>
      </object_component>
      <object_component id="oc-78">
         <name>.debug_info</name>
         <load_address>0xc27f</load_address>
         <run_address>0xc27f</run_address>
         <size>0x1b2</size>
         <input_file_ref idref="fl-5"/>
      </object_component>
      <object_component id="oc-204">
         <name>.debug_info</name>
         <load_address>0xc431</load_address>
         <run_address>0xc431</run_address>
         <size>0xe4</size>
         <input_file_ref idref="fl-6"/>
      </object_component>
      <object_component id="oc-be">
         <name>.debug_info</name>
         <load_address>0xc515</load_address>
         <run_address>0xc515</run_address>
         <size>0x256</size>
         <input_file_ref idref="fl-6"/>
      </object_component>
      <object_component id="oc-21c">
         <name>.debug_info</name>
         <load_address>0xc76b</load_address>
         <run_address>0xc76b</run_address>
         <size>0x4b3</size>
         <input_file_ref idref="fl-c"/>
      </object_component>
      <object_component id="oc-219">
         <name>.debug_info</name>
         <load_address>0xcc1e</load_address>
         <run_address>0xcc1e</run_address>
         <size>0xbf</size>
         <input_file_ref idref="fl-c"/>
      </object_component>
      <object_component id="oc-e2">
         <name>.debug_info</name>
         <load_address>0xccdd</load_address>
         <run_address>0xccdd</run_address>
         <size>0x117</size>
         <input_file_ref idref="fl-c"/>
      </object_component>
      <object_component id="oc-211">
         <name>.debug_info</name>
         <load_address>0xcdf4</load_address>
         <run_address>0xcdf4</run_address>
         <size>0x105</size>
         <input_file_ref idref="fl-c"/>
      </object_component>
      <object_component id="oc-1aa">
         <name>.debug_info</name>
         <load_address>0xcef9</load_address>
         <run_address>0xcef9</run_address>
         <size>0x136</size>
         <input_file_ref idref="fl-c"/>
      </object_component>
      <object_component id="oc-1a4">
         <name>.debug_info</name>
         <load_address>0xd02f</load_address>
         <run_address>0xd02f</run_address>
         <size>0x243</size>
         <input_file_ref idref="fl-c"/>
      </object_component>
      <object_component id="oc-27d">
         <name>.debug_info</name>
         <load_address>0xd272</load_address>
         <run_address>0xd272</run_address>
         <size>0x1d6</size>
         <input_file_ref idref="fl-c"/>
      </object_component>
      <object_component id="oc-ed">
         <name>.debug_info</name>
         <load_address>0xd448</load_address>
         <run_address>0xd448</run_address>
         <size>0x161</size>
         <input_file_ref idref="fl-c"/>
      </object_component>
      <object_component id="oc-e7">
         <name>.debug_info</name>
         <load_address>0xd5a9</load_address>
         <run_address>0xd5a9</run_address>
         <size>0x122</size>
         <input_file_ref idref="fl-c"/>
      </object_component>
      <object_component id="oc-1bc">
         <name>.debug_info</name>
         <load_address>0xd6cb</load_address>
         <run_address>0xd6cb</run_address>
         <size>0x17f</size>
         <input_file_ref idref="fl-c"/>
      </object_component>
      <object_component id="oc-19e">
         <name>.debug_info</name>
         <load_address>0xd84a</load_address>
         <run_address>0xd84a</run_address>
         <size>0xfa</size>
         <input_file_ref idref="fl-c"/>
      </object_component>
      <object_component id="oc-db">
         <name>.debug_info</name>
         <load_address>0xd944</load_address>
         <run_address>0xd944</run_address>
         <size>0x12c</size>
         <input_file_ref idref="fl-c"/>
      </object_component>
      <object_component id="oc-1b0">
         <name>.debug_info</name>
         <load_address>0xda70</load_address>
         <run_address>0xda70</run_address>
         <size>0x224</size>
         <input_file_ref idref="fl-c"/>
      </object_component>
      <object_component id="oc-1b6">
         <name>.debug_info</name>
         <load_address>0xdc94</load_address>
         <run_address>0xdc94</run_address>
         <size>0x284</size>
         <input_file_ref idref="fl-c"/>
      </object_component>
      <object_component id="oc-29e">
         <name>.debug_info</name>
         <load_address>0xdf18</load_address>
         <run_address>0xdf18</run_address>
         <size>0x103e</size>
         <input_file_ref idref="fl-c"/>
      </object_component>
      <object_component id="oc-263">
         <name>.debug_info</name>
         <load_address>0xef56</load_address>
         <run_address>0xef56</run_address>
         <size>0x5ef</size>
         <input_file_ref idref="fl-d"/>
      </object_component>
      <object_component id="oc-26e">
         <name>.debug_info</name>
         <load_address>0xf545</load_address>
         <run_address>0xf545</run_address>
         <size>0x21a</size>
         <input_file_ref idref="fl-d"/>
      </object_component>
      <object_component id="oc-18d">
         <name>.debug_info</name>
         <load_address>0xf75f</load_address>
         <run_address>0xf75f</run_address>
         <size>0x11c</size>
         <input_file_ref idref="fl-d"/>
      </object_component>
      <object_component id="oc-187">
         <name>.debug_info</name>
         <load_address>0xf87b</load_address>
         <run_address>0xf87b</run_address>
         <size>0x1dd</size>
         <input_file_ref idref="fl-d"/>
      </object_component>
      <object_component id="oc-16f">
         <name>.debug_info</name>
         <load_address>0xfa58</load_address>
         <run_address>0xfa58</run_address>
         <size>0x132</size>
         <input_file_ref idref="fl-d"/>
      </object_component>
      <object_component id="oc-20d">
         <name>.debug_info</name>
         <load_address>0xfb8a</load_address>
         <run_address>0xfb8a</run_address>
         <size>0x4a4</size>
         <input_file_ref idref="fl-e"/>
      </object_component>
      <object_component id="oc-20a">
         <name>.debug_info</name>
         <load_address>0x1002e</load_address>
         <run_address>0x1002e</run_address>
         <size>0xd0</size>
         <input_file_ref idref="fl-e"/>
      </object_component>
      <object_component id="oc-f4">
         <name>.debug_info</name>
         <load_address>0x100fe</load_address>
         <run_address>0x100fe</run_address>
         <size>0x183</size>
         <input_file_ref idref="fl-e"/>
      </object_component>
      <object_component id="oc-169">
         <name>.debug_info</name>
         <load_address>0x10281</load_address>
         <run_address>0x10281</run_address>
         <size>0x1db</size>
         <input_file_ref idref="fl-e"/>
      </object_component>
      <object_component id="oc-d0">
         <name>.debug_info</name>
         <load_address>0x1045c</load_address>
         <run_address>0x1045c</run_address>
         <size>0x19c</size>
         <input_file_ref idref="fl-e"/>
      </object_component>
      <object_component id="oc-278">
         <name>.debug_info</name>
         <load_address>0x105f8</load_address>
         <run_address>0x105f8</run_address>
         <size>0x432</size>
         <input_file_ref idref="fl-f"/>
      </object_component>
      <object_component id="oc-275">
         <name>.debug_info</name>
         <load_address>0x10a2a</load_address>
         <run_address>0x10a2a</run_address>
         <size>0x173</size>
         <input_file_ref idref="fl-f"/>
      </object_component>
      <object_component id="oc-198">
         <name>.debug_info</name>
         <load_address>0x10b9d</load_address>
         <run_address>0x10b9d</run_address>
         <size>0x16b</size>
         <input_file_ref idref="fl-f"/>
      </object_component>
      <object_component id="oc-247">
         <name>.debug_info</name>
         <load_address>0x10d08</load_address>
         <run_address>0x10d08</run_address>
         <size>0x4a3</size>
         <input_file_ref idref="fl-10"/>
      </object_component>
      <object_component id="oc-124">
         <name>.debug_info</name>
         <load_address>0x111ab</load_address>
         <run_address>0x111ab</run_address>
         <size>0xf6</size>
         <input_file_ref idref="fl-10"/>
      </object_component>
      <object_component id="oc-193">
         <name>.debug_info</name>
         <load_address>0x112a1</load_address>
         <run_address>0x112a1</run_address>
         <size>0x140</size>
         <input_file_ref idref="fl-10"/>
      </object_component>
      <object_component id="oc-13a">
         <name>.debug_info</name>
         <load_address>0x113e1</load_address>
         <run_address>0x113e1</run_address>
         <size>0x216</size>
         <input_file_ref idref="fl-10"/>
      </object_component>
      <object_component id="oc-11e">
         <name>.debug_info</name>
         <load_address>0x115f7</load_address>
         <run_address>0x115f7</run_address>
         <size>0x17e</size>
         <input_file_ref idref="fl-10"/>
      </object_component>
      <object_component id="oc-118">
         <name>.debug_info</name>
         <load_address>0x11775</load_address>
         <run_address>0x11775</run_address>
         <size>0xf4</size>
         <input_file_ref idref="fl-10"/>
      </object_component>
      <object_component id="oc-287">
         <name>.debug_info</name>
         <load_address>0x11869</load_address>
         <run_address>0x11869</run_address>
         <size>0x13e</size>
         <input_file_ref idref="fl-10"/>
      </object_component>
      <object_component id="oc-1c4">
         <name>.debug_info</name>
         <load_address>0x119a7</load_address>
         <run_address>0x119a7</run_address>
         <size>0x155</size>
         <input_file_ref idref="fl-10"/>
      </object_component>
      <object_component id="oc-134">
         <name>.debug_info</name>
         <load_address>0x11afc</load_address>
         <run_address>0x11afc</run_address>
         <size>0x146</size>
         <input_file_ref idref="fl-10"/>
      </object_component>
      <object_component id="oc-12d">
         <name>.debug_info</name>
         <load_address>0x11c42</load_address>
         <run_address>0x11c42</run_address>
         <size>0x15f</size>
         <input_file_ref idref="fl-10"/>
      </object_component>
      <object_component id="oc-367">
         <name>.debug_info</name>
         <load_address>0x11da1</load_address>
         <run_address>0x11da1</run_address>
         <size>0x379</size>
         <input_file_ref idref="fl-11"/>
      </object_component>
      <object_component id="oc-319">
         <name>.debug_info</name>
         <load_address>0x1211a</load_address>
         <run_address>0x1211a</run_address>
         <size>0x10f</size>
         <input_file_ref idref="fl-11"/>
      </object_component>
      <object_component id="oc-325">
         <name>.debug_info</name>
         <load_address>0x12229</load_address>
         <run_address>0x12229</run_address>
         <size>0x12b</size>
         <input_file_ref idref="fl-11"/>
      </object_component>
      <object_component id="oc-31f">
         <name>.debug_info</name>
         <load_address>0x12354</load_address>
         <run_address>0x12354</run_address>
         <size>0x12d</size>
         <input_file_ref idref="fl-11"/>
      </object_component>
      <object_component id="oc-266">
         <name>.debug_info</name>
         <load_address>0x12481</load_address>
         <run_address>0x12481</run_address>
         <size>0x498</size>
         <input_file_ref idref="fl-12"/>
      </object_component>
      <object_component id="oc-180">
         <name>.debug_info</name>
         <load_address>0x12919</load_address>
         <run_address>0x12919</run_address>
         <size>0x181</size>
         <input_file_ref idref="fl-12"/>
      </object_component>
      <object_component id="oc-174">
         <name>.debug_info</name>
         <load_address>0x12a9a</load_address>
         <run_address>0x12a9a</run_address>
         <size>0x169</size>
         <input_file_ref idref="fl-12"/>
      </object_component>
      <object_component id="oc-17a">
         <name>.debug_info</name>
         <load_address>0x12c03</load_address>
         <run_address>0x12c03</run_address>
         <size>0x13f</size>
         <input_file_ref idref="fl-12"/>
      </object_component>
      <object_component id="oc-c9">
         <name>.debug_info</name>
         <load_address>0x12d42</load_address>
         <run_address>0x12d42</run_address>
         <size>0x115</size>
         <input_file_ref idref="fl-13"/>
      </object_component>
      <object_component id="oc-27">
         <name>.debug_info</name>
         <load_address>0x12e57</load_address>
         <run_address>0x12e57</run_address>
         <size>0x161</size>
         <input_file_ref idref="fl-ca"/>
      </object_component>
      <object_component id="oc-3b">
         <name>.debug_info</name>
         <load_address>0x12fb8</load_address>
         <run_address>0x12fb8</run_address>
         <size>0x141</size>
         <input_file_ref idref="fl-cb"/>
      </object_component>
      <object_component id="oc-18">
         <name>.debug_info</name>
         <load_address>0x130f9</load_address>
         <run_address>0x130f9</run_address>
         <size>0x1e0</size>
         <input_file_ref idref="fl-cb"/>
      </object_component>
      <object_component id="oc-36">
         <name>.debug_info</name>
         <load_address>0x132d9</load_address>
         <run_address>0x132d9</run_address>
         <size>0x46</size>
         <input_file_ref idref="fl-cb"/>
      </object_component>
      <object_component id="oc-87">
         <name>.debug_info</name>
         <load_address>0x1331f</load_address>
         <run_address>0x1331f</run_address>
         <size>0x2c</size>
         <input_file_ref idref="fl-cb"/>
      </object_component>
      <object_component id="oc-43">
         <name>.debug_info</name>
         <load_address>0x1334b</load_address>
         <run_address>0x1334b</run_address>
         <size>0x135</size>
         <input_file_ref idref="fl-cc"/>
      </object_component>
      <object_component id="oc-3f">
         <name>.debug_info</name>
         <load_address>0x13480</load_address>
         <run_address>0x13480</run_address>
         <size>0x248</size>
         <input_file_ref idref="fl-cc"/>
      </object_component>
      <object_component id="oc-1d">
         <name>.debug_info</name>
         <load_address>0x136c8</load_address>
         <run_address>0x136c8</run_address>
         <size>0x1b2</size>
         <input_file_ref idref="fl-cc"/>
      </object_component>
      <object_component id="oc-44">
         <name>.debug_info</name>
         <load_address>0x1387a</load_address>
         <run_address>0x1387a</run_address>
         <size>0x39</size>
         <input_file_ref idref="fl-cc"/>
      </object_component>
      <object_component id="oc-96">
         <name>.debug_info</name>
         <load_address>0x138b3</load_address>
         <run_address>0x138b3</run_address>
         <size>0x2c</size>
         <input_file_ref idref="fl-cc"/>
      </object_component>
      <object_component id="oc-b7">
         <name>.debug_info</name>
         <load_address>0x138df</load_address>
         <run_address>0x138df</run_address>
         <size>0x235</size>
         <input_file_ref idref="fl-ce"/>
      </object_component>
      <object_component id="oc-b1">
         <name>.debug_info</name>
         <load_address>0x13b14</load_address>
         <run_address>0x13b14</run_address>
         <size>0x186</size>
         <input_file_ref idref="fl-ce"/>
      </object_component>
      <object_component id="oc-6e">
         <name>.debug_info</name>
         <load_address>0x13c9a</load_address>
         <run_address>0x13c9a</run_address>
         <size>0x215</size>
         <input_file_ref idref="fl-ce"/>
      </object_component>
      <object_component id="oc-158">
         <name>.debug_info</name>
         <load_address>0x13eaf</load_address>
         <run_address>0x13eaf</run_address>
         <size>0x133</size>
         <input_file_ref idref="fl-cf"/>
      </object_component>
      <object_component id="oc-15d">
         <name>.debug_info</name>
         <load_address>0x13fe2</load_address>
         <run_address>0x13fe2</run_address>
         <size>0x137</size>
         <input_file_ref idref="fl-d0"/>
      </object_component>
      <object_component id="oc-164">
         <name>.debug_info</name>
         <load_address>0x14119</load_address>
         <run_address>0x14119</run_address>
         <size>0x125</size>
         <input_file_ref idref="fl-d1"/>
      </object_component>
      <object_component id="oc-33">
         <name>.debug_info</name>
         <load_address>0x1423e</load_address>
         <run_address>0x1423e</run_address>
         <size>0x112</size>
         <input_file_ref idref="fl-d2"/>
      </object_component>
      <object_component id="oc-4a">
         <name>.debug_info</name>
         <load_address>0x14350</load_address>
         <run_address>0x14350</run_address>
         <size>0x140</size>
         <input_file_ref idref="fl-d3"/>
      </object_component>
      <object_component id="oc-58">
         <name>.debug_info</name>
         <load_address>0x14490</load_address>
         <run_address>0x14490</run_address>
         <size>0x139</size>
         <input_file_ref idref="fl-d4"/>
      </object_component>
      <object_component id="oc-5c">
         <name>.debug_info</name>
         <load_address>0x145c9</load_address>
         <run_address>0x145c9</run_address>
         <size>0x149</size>
         <input_file_ref idref="fl-d5"/>
      </object_component>
      <object_component id="oc-253">
         <name>.debug_info</name>
         <load_address>0x14712</load_address>
         <run_address>0x14712</run_address>
         <size>0x1bc</size>
         <input_file_ref idref="fl-d6"/>
      </object_component>
      <object_component id="oc-141">
         <name>.debug_info</name>
         <load_address>0x148ce</load_address>
         <run_address>0x148ce</run_address>
         <size>0x2e5</size>
         <input_file_ref idref="fl-d6"/>
      </object_component>
      <object_component id="oc-2ff">
         <name>.debug_info</name>
         <load_address>0x14bb3</load_address>
         <run_address>0x14bb3</run_address>
         <size>0x2c</size>
         <input_file_ref idref="fl-d6"/>
      </object_component>
      <object_component id="oc-74">
         <name>.debug_info</name>
         <load_address>0x14bdf</load_address>
         <run_address>0x14bdf</run_address>
         <size>0x10a</size>
         <input_file_ref idref="fl-d7"/>
      </object_component>
      <object_component id="oc-25c">
         <name>.debug_info</name>
         <load_address>0x14ce9</load_address>
         <run_address>0x14ce9</run_address>
         <size>0xf1</size>
         <input_file_ref idref="fl-d8"/>
      </object_component>
      <object_component id="oc-14d">
         <name>.debug_info</name>
         <load_address>0x14dda</load_address>
         <run_address>0x14dda</run_address>
         <size>0x24a</size>
         <input_file_ref idref="fl-d8"/>
      </object_component>
      <object_component id="oc-25a">
         <name>.debug_info</name>
         <load_address>0x15024</load_address>
         <run_address>0x15024</run_address>
         <size>0xf1</size>
         <input_file_ref idref="fl-d9"/>
      </object_component>
      <object_component id="oc-148">
         <name>.debug_info</name>
         <load_address>0x15115</load_address>
         <run_address>0x15115</run_address>
         <size>0x232</size>
         <input_file_ref idref="fl-d9"/>
      </object_component>
      <object_component id="oc-153">
         <name>.debug_info</name>
         <load_address>0x15347</load_address>
         <run_address>0x15347</run_address>
         <size>0x127</size>
         <input_file_ref idref="fl-da"/>
      </object_component>
      <object_component id="oc-1ff">
         <name>.debug_info</name>
         <load_address>0x1546e</load_address>
         <run_address>0x1546e</run_address>
         <size>0x125</size>
         <input_file_ref idref="fl-db"/>
      </object_component>
      <object_component id="oc-b4">
         <name>.debug_info</name>
         <load_address>0x15593</load_address>
         <run_address>0x15593</run_address>
         <size>0x114</size>
         <input_file_ref idref="fl-db"/>
      </object_component>
      <object_component id="oc-1fa">
         <name>.debug_info</name>
         <load_address>0x156a7</load_address>
         <run_address>0x156a7</run_address>
         <size>0x220</size>
         <input_file_ref idref="fl-db"/>
      </object_component>
      <object_component id="oc-2f9">
         <name>.debug_info</name>
         <load_address>0x158c7</load_address>
         <run_address>0x158c7</run_address>
         <size>0x391</size>
         <input_file_ref idref="fl-dc"/>
      </object_component>
      <object_component id="oc-24d">
         <name>.debug_info</name>
         <load_address>0x15c58</load_address>
         <run_address>0x15c58</run_address>
         <size>0x17f1</size>
         <input_file_ref idref="fl-dc"/>
      </object_component>
      <object_component id="oc-2fa">
         <name>.debug_info</name>
         <load_address>0x17449</load_address>
         <run_address>0x17449</run_address>
         <size>0x86</size>
         <input_file_ref idref="fl-dc"/>
      </object_component>
      <object_component id="oc-360">
         <name>.debug_info</name>
         <load_address>0x174cf</load_address>
         <run_address>0x174cf</run_address>
         <size>0x46</size>
         <input_file_ref idref="fl-dc"/>
      </object_component>
      <object_component id="oc-304">
         <name>.debug_info</name>
         <load_address>0x17515</load_address>
         <run_address>0x17515</run_address>
         <size>0x39</size>
         <input_file_ref idref="fl-dc"/>
      </object_component>
      <object_component id="oc-af">
         <name>.debug_info</name>
         <load_address>0x1754e</load_address>
         <run_address>0x1754e</run_address>
         <size>0x167</size>
         <input_file_ref idref="fl-dd"/>
      </object_component>
      <object_component id="oc-68">
         <name>.debug_info</name>
         <load_address>0x176b5</load_address>
         <run_address>0x176b5</run_address>
         <size>0x168</size>
         <input_file_ref idref="fl-dd"/>
      </object_component>
      <object_component id="oc-1f0">
         <name>.debug_info</name>
         <load_address>0x1781d</load_address>
         <run_address>0x1781d</run_address>
         <size>0x5e</size>
         <input_file_ref idref="fl-dd"/>
      </object_component>
      <object_component id="oc-35d">
         <name>.debug_info</name>
         <load_address>0x1787b</load_address>
         <run_address>0x1787b</run_address>
         <size>0x115</size>
         <input_file_ref idref="fl-de"/>
      </object_component>
      <object_component id="oc-2f3">
         <name>.debug_info</name>
         <load_address>0x17990</load_address>
         <run_address>0x17990</run_address>
         <size>0x172</size>
         <input_file_ref idref="fl-de"/>
      </object_component>
      <object_component id="oc-ad">
         <name>.debug_info</name>
         <load_address>0x17b02</load_address>
         <run_address>0x17b02</run_address>
         <size>0x2ea</size>
         <input_file_ref idref="fl-df"/>
      </object_component>
      <object_component id="oc-63">
         <name>.debug_info</name>
         <load_address>0x17dec</load_address>
         <run_address>0x17dec</run_address>
         <size>0x191</size>
         <input_file_ref idref="fl-df"/>
      </object_component>
      <object_component id="oc-1e4">
         <name>.debug_info</name>
         <load_address>0x17f7d</load_address>
         <run_address>0x17f7d</run_address>
         <size>0x39</size>
         <input_file_ref idref="fl-df"/>
      </object_component>
      <object_component id="oc-1e9">
         <name>.debug_info</name>
         <load_address>0x17fb6</load_address>
         <run_address>0x17fb6</run_address>
         <size>0xcd</size>
         <input_file_ref idref="fl-df"/>
      </object_component>
      <object_component id="oc-1e0">
         <name>.debug_info</name>
         <load_address>0x18083</load_address>
         <run_address>0x18083</run_address>
         <size>0x1e1</size>
         <input_file_ref idref="fl-e0"/>
      </object_component>
      <object_component id="oc-a2">
         <name>.debug_info</name>
         <load_address>0x18264</load_address>
         <run_address>0x18264</run_address>
         <size>0x184</size>
         <input_file_ref idref="fl-e0"/>
      </object_component>
      <object_component id="oc-290">
         <name>.debug_info</name>
         <load_address>0x183e8</load_address>
         <run_address>0x183e8</run_address>
         <size>0x2c</size>
         <input_file_ref idref="fl-e0"/>
      </object_component>
      <object_component id="oc-37a">
         <name>.debug_info</name>
         <load_address>0x18414</load_address>
         <run_address>0x18414</run_address>
         <size>0xef</size>
         <input_file_ref idref="fl-e1"/>
      </object_component>
      <object_component id="oc-35a">
         <name>.debug_info</name>
         <load_address>0x18503</load_address>
         <run_address>0x18503</run_address>
         <size>0xfb</size>
         <input_file_ref idref="fl-e1"/>
      </object_component>
      <object_component id="oc-2d6">
         <name>.debug_info</name>
         <load_address>0x185fe</load_address>
         <run_address>0x185fe</run_address>
         <size>0x145</size>
         <input_file_ref idref="fl-e2"/>
      </object_component>
      <object_component id="oc-2b7">
         <name>.debug_info</name>
         <load_address>0x18743</load_address>
         <run_address>0x18743</run_address>
         <size>0x121</size>
         <input_file_ref idref="fl-e3"/>
      </object_component>
      <object_component id="oc-2c1">
         <name>.debug_info</name>
         <load_address>0x18864</load_address>
         <run_address>0x18864</run_address>
         <size>0x123</size>
         <input_file_ref idref="fl-e3"/>
      </object_component>
      <object_component id="oc-2bc">
         <name>.debug_info</name>
         <load_address>0x18987</load_address>
         <run_address>0x18987</run_address>
         <size>0x133</size>
         <input_file_ref idref="fl-e4"/>
      </object_component>
      <object_component id="oc-2c6">
         <name>.debug_info</name>
         <load_address>0x18aba</load_address>
         <run_address>0x18aba</run_address>
         <size>0x127</size>
         <input_file_ref idref="fl-e5"/>
      </object_component>
      <object_component id="oc-2d2">
         <name>.debug_info</name>
         <load_address>0x18be1</load_address>
         <run_address>0x18be1</run_address>
         <size>0x125</size>
         <input_file_ref idref="fl-e6"/>
      </object_component>
      <object_component id="oc-340">
         <name>.debug_info</name>
         <load_address>0x18d06</load_address>
         <run_address>0x18d06</run_address>
         <size>0x14d</size>
         <input_file_ref idref="fl-e7"/>
      </object_component>
      <object_component id="oc-2cb">
         <name>.debug_info</name>
         <load_address>0x18e53</load_address>
         <run_address>0x18e53</run_address>
         <size>0x1c3</size>
         <input_file_ref idref="fl-e7"/>
      </object_component>
      <object_component id="oc-358">
         <name>.debug_info</name>
         <load_address>0x19016</load_address>
         <run_address>0x19016</run_address>
         <size>0xf2</size>
         <input_file_ref idref="fl-e8"/>
      </object_component>
      <object_component id="oc-2ef">
         <name>.debug_info</name>
         <load_address>0x19108</load_address>
         <run_address>0x19108</run_address>
         <size>0x1ac</size>
         <input_file_ref idref="fl-e8"/>
      </object_component>
      <object_component id="oc-344">
         <name>.debug_info</name>
         <load_address>0x192b4</load_address>
         <run_address>0x192b4</run_address>
         <size>0x140</size>
         <input_file_ref idref="fl-e9"/>
      </object_component>
      <object_component id="oc-2db">
         <name>.debug_info</name>
         <load_address>0x193f4</load_address>
         <run_address>0x193f4</run_address>
         <size>0x18b</size>
         <input_file_ref idref="fl-e9"/>
      </object_component>
      <object_component id="oc-345">
         <name>.debug_info</name>
         <load_address>0x1957f</load_address>
         <run_address>0x1957f</run_address>
         <size>0x2c</size>
         <input_file_ref idref="fl-e9"/>
      </object_component>
      <object_component id="oc-354">
         <name>.debug_info</name>
         <load_address>0x195ab</load_address>
         <run_address>0x195ab</run_address>
         <size>0x17d</size>
         <input_file_ref idref="fl-ea"/>
      </object_component>
      <object_component id="oc-2e1">
         <name>.debug_info</name>
         <load_address>0x19728</load_address>
         <run_address>0x19728</run_address>
         <size>0x1d6</size>
         <input_file_ref idref="fl-ea"/>
      </object_component>
      <object_component id="oc-a8">
         <name>.debug_info</name>
         <load_address>0x198fe</load_address>
         <run_address>0x198fe</run_address>
         <size>0x146</size>
         <input_file_ref idref="fl-eb"/>
      </object_component>
      <object_component id="oc-356">
         <name>.debug_info</name>
         <load_address>0x19a44</load_address>
         <run_address>0x19a44</run_address>
         <size>0xf6</size>
         <input_file_ref idref="fl-ec"/>
      </object_component>
      <object_component id="oc-2e8">
         <name>.debug_info</name>
         <load_address>0x19b3a</load_address>
         <run_address>0x19b3a</run_address>
         <size>0x245</size>
         <input_file_ref idref="fl-ec"/>
      </object_component>
      <object_component id="oc-33a">
         <name>.debug_info</name>
[...]
         <value>0x3bb9</value>
         <object_component_ref idref="oc-185"/>
      </symbol>
      <symbol id="sm-32a">
         <name>CS_setDCOCenteredFrequency</name>
         <value>0x39d9</value>
         <object_component_ref idref="oc-16d"/>
      </symbol>
      <symbol id="sm-32b">
         <name>CS_startLFXTWithTimeout</name>
         <value>0x2e41</value>
         <object_component_ref idref="oc-26c"/>
      </symbol>
      <symbol id="sm-35a">
         <name>GPIO_setAsOutputPin</name>
         <value>0x39fd</value>
         <object_component_ref idref="oc-ce"/>
      </symbol>
      <symbol id="sm-35b">
         <name>GPIO_toggleOutputOnPin</name>
         <value>0x3bcd</value>
         <object_component_ref idref="oc-f2"/>
      </symbol>
      <symbol id="sm-35c">
         <name>GPIO_setAsPeripheralModuleFunctionInputPin</name>
         <value>0x3731</value>
         <object_component_ref idref="oc-167"/>
      </symbol>
      <symbol id="sm-383">
         <name>Interrupt_enableInterrupt</name>
         <value>0x33c5</value>
         <object_component_ref idref="oc-197"/>
      </symbol>
      <symbol id="sm-3f6">
         <name>RTC_C_startClock</name>
         <value>0x3a69</value>
         <object_component_ref idref="oc-122"/>
      </symbol>
      <symbol id="sm-3f7">
         <name>RTC_C_setCalendarAlarm</name>
         <value>0x3a45</value>
         <object_component_ref idref="oc-138"/>
      </symbol>
      <symbol id="sm-3f8">
         <name>RTC_C_getInterruptStatus</name>
         <value>0x3959</value>
         <object_component_ref idref="oc-285"/>
      </symbol>
      <symbol id="sm-3f9">
         <name>RTC_C_initCalendar</name>
         <value>0x34ed</value>
         <object_component_ref idref="oc-11c"/>
      </symbol>
      <symbol id="sm-3fa">
         <name>RTC_C_setCalendarEvent</name>
         <value>0x3985</value>
         <object_component_ref idref="oc-191"/>
      </symbol>
      <symbol id="sm-3fb">
         <name>RTC_C_holdClock</name>
         <value>0x3a21</value>
         <object_component_ref idref="oc-116"/>
      </symbol>
      <symbol id="sm-3fc">
         <name>RTC_C_getEnabledInterruptStatus</name>
         <value>0x3779</value>
         <object_component_ref idref="oc-1c2"/>
      </symbol>
      <symbol id="sm-3fd">
         <name>RTC_C_enableInterrupt</name>
         <value>0x384d</value>
         <object_component_ref idref="oc-132"/>
      </symbol>
      <symbol id="sm-3fe">
         <name>RTC_C_clearInterruptFlag</name>
         <value>0x3649</value>
         <object_component_ref idref="oc-12c"/>
      </symbol>
      <symbol id="sm-421">
         <name>SysCtl_getNMISourceStatus</name>
         <value>0x3c7d</value>
         <object_component_ref idref="oc-318"/>
      </symbol>
      <symbol id="sm-422">
         <name>SysCtl_enableNMISource</name>
         <value>0x3c51</value>
         <object_component_ref idref="oc-324"/>
      </symbol>
      <symbol id="sm-423">
         <name>SysCtl_disableNMISource</name>
         <value>0x3c41</value>
         <object_component_ref idref="oc-31e"/>
      </symbol>
      <symbol id="sm-44d">
         <name>UART_enableModule</name>
         <value>0x3c89</value>
         <object_component_ref idref="oc-179"/>
      </symbol>
      <symbol id="sm-44e">
         <name>UART_transmitData</name>
         <value>0x3a8d</value>
         <object_component_ref idref="oc-17f"/>
      </symbol>
      <symbol id="sm-44f">
         <name>UART_initModule</name>
         <value>0x2f79</value>
         <object_component_ref idref="oc-173"/>
      </symbol>
      <symbol id="sm-45b">
         <name>WDT_A_holdTimer</name>
         <value>0x3b49</value>
         <object_component_ref idref="oc-c8"/>
      </symbol>
      <symbol id="sm-46d">
         <name>_c_int00</name>
         <value>0x35a1</value>
         <object_component_ref idref="oc-26"/>
      </symbol>
      <symbol id="sm-46e">
         <name>__stack</name>
         <value>0x2000fe00</value>
         <object_component_ref idref="oc-2f"/>
      </symbol>
      <symbol id="sm-485">
         <name>__TI_decompress_none</name>
         <value>0x3c61</value>
         <object_component_ref idref="oc-14"/>
      </symbol>
      <symbol id="sm-4ad">
         <name>__TI_decompress_rle24</name>
         <value>0x3c9b</value>
         <object_component_ref idref="oc-1a"/>
      </symbol>
      <symbol id="sm-4cf">
         <name>C$$EXIT</name>
         <value>0x35f5</value>
         <object_component_ref idref="oc-6d"/>
      </symbol>
      <symbol id="sm-4d0">
         <name>abort</name>
         <value>0x35f9</value>
         <object_component_ref idref="oc-6d"/>
      </symbol>
      <symbol id="sm-4d1">
         <name>exit</name>
         <value>0x3601</value>
         <object_component_ref idref="oc-6d"/>
      </symbol>
      <symbol id="sm-4d2">
         <name>__TI_dtors_ptr</name>
         <value>0x20000074</value>
         <object_component_ref idref="oc-b0"/>
      </symbol>
      <symbol id="sm-4d3">
         <name>__TI_cleanup_ptr</name>
         <value>0x20000070</value>
         <object_component_ref idref="oc-b0"/>
      </symbol>
      <symbol id="sm-4d4">
         <name>__TI_enable_exit_profile_output</name>
         <value>0x20000078</value>
         <object_component_ref idref="oc-b0"/>
      </symbol>
      <symbol id="sm-4df">
         <name>__aeabi_dmul</name>
         <value>0x2c47</value>
         <object_component_ref idref="oc-157"/>
      </symbol>
      <symbol id="sm-4eb">
         <name>__aeabi_d2f</name>
         <value>0x327d</value>
         <object_component_ref idref="oc-15c"/>
      </symbol>
      <symbol id="sm-4f6">
         <name>__aeabi_f2d</name>
         <value>0x38c5</value>
         <object_component_ref idref="oc-161"/>
      </symbol>
      <symbol id="sm-511">
         <name>memcpy</name>
         <value>0x2edd</value>
         <object_component_ref idref="oc-30"/>
      </symbol>
      <symbol id="sm-512">
         <name>__aeabi_memcpy</name>
         <value>0x2edd</value>
         <object_component_ref idref="oc-30"/>
      </symbol>
      <symbol id="sm-513">
         <name>__aeabi_memcpy8</name>
         <value>0x2edd</value>
         <object_component_ref idref="oc-30"/>
      </symbol>
      <symbol id="sm-514">
         <name>__aeabi_memcpy4</name>
         <value>0x2edd</value>
         <object_component_ref idref="oc-30"/>
      </symbol>
      <symbol id="sm-523">
         <name>__aeabi_memset</name>
         <value>0x311b</value>
         <object_component_ref idref="oc-49"/>
      </symbol>
      <symbol id="sm-524">
         <name>memset</name>
         <value>0x3121</value>
         <object_component_ref idref="oc-49"/>
      </symbol>
      <symbol id="sm-525">
         <name>__aeabi_memset8</name>
         <value>0x311b</value>
         <object_component_ref idref="oc-49"/>
      </symbol>
      <symbol id="sm-526">
         <name>__aeabi_memset4</name>
         <value>0x311b</value>
         <object_component_ref idref="oc-49"/>
      </symbol>
      <symbol id="sm-527">
         <name>__aeabi_memclr8</name>
         <value>0x3119</value>
         <object_component_ref idref="oc-49"/>
      </symbol>
      <symbol id="sm-528">
         <name>__aeabi_memclr4</name>
         <value>0x3119</value>
         <object_component_ref idref="oc-49"/>
      </symbol>
      <symbol id="sm-529">
         <name>__aeabi_memclr</name>
         <value>0x3119</value>
         <object_component_ref idref="oc-49"/>
      </symbol>
      <symbol id="sm-533">
         <name>__mpu_init</name>
         <value>0x281f</value>
         <object_component_ref idref="oc-55"/>
      </symbol>
      <symbol id="sm-53d">
         <name>_system_pre_init</name>
         <value>0x3ca1</value>
         <object_component_ref idref="oc-5b"/>
      </symbol>
      <symbol id="sm-556">
         <name>sprintf</name>
         <value>0x348d</value>
         <object_component_ref idref="oc-140"/>
      </symbol>
      <symbol id="sm-55e">
         <name>main_func_sp</name>
         <value>0x20000090</value>
         <object_component_ref idref="oc-73"/>
      </symbol>
      <symbol id="sm-56e">
         <name>strcat</name>
         <value>0x3af1</value>
         <object_component_ref idref="oc-14c"/>
      </symbol>
      <symbol id="sm-57c">
         <name>strcpy</name>
         <value>0x3c09</value>
         <object_component_ref idref="oc-146"/>
      </symbol>
      <symbol id="sm-586">
         <name>__aeabi_ui2d</name>
         <value>0x3ad1</value>
         <object_component_ref idref="oc-152"/>
      </symbol>
      <symbol id="sm-59f">
         <name>_nop</name>
         <value>0x3bef</value>
         <object_component_ref idref="oc-1f7"/>
      </symbol>
      <symbol id="sm-5a0">
         <name>_lock</name>
         <value>0x2000007c</value>
         <object_component_ref idref="oc-b3"/>
      </symbol>
      <symbol id="sm-5a1">
         <name>_unlock</name>
         <value>0x20000080</value>
         <object_component_ref idref="oc-b3"/>
      </symbol>
      <symbol id="sm-5a2">
         <name>_register_lock</name>
         <value>0x3be7</value>
         <object_component_ref idref="oc-1f7"/>
      </symbol>
      <symbol id="sm-5a3">
         <name>_register_unlock</name>
         <value>0x3be1</value>
         <object_component_ref idref="oc-1f7"/>
      </symbol>
      <symbol id="sm-6aa">
         <name>__TI_printfi</name>
         <value>0xeef</value>
         <object_component_ref idref="oc-24c"/>
      </symbol>
      <symbol id="sm-6be">
         <name>_args_main</name>
         <value>0x3b61</value>
         <object_component_ref idref="oc-67"/>
      </symbol>
      <symbol id="sm-6d4">
         <name>atoi</name>
         <value>0x3699</value>
         <object_component_ref idref="oc-2f2"/>
      </symbol>
      <symbol id="sm-6f9">
         <name>__TI_auto_init</name>
         <value>0x320d</value>
         <object_component_ref idref="oc-61"/>
      </symbol>
      <symbol id="sm-713">
         <name>copy_in</name>
         <value>0x36e5</value>
         <object_component_ref idref="oc-a0"/>
      </symbol>
      <symbol id="sm-71e">
         <name>_ctypes_</name>
         <value>0x3ca4</value>
         <object_component_ref idref="oc-359"/>
      </symbol>
      <symbol id="sm-735">
         <name>__aeabi_dsub</name>
         <value>0x2669</value>
         <object_component_ref idref="oc-2d5"/>
      </symbol>
      <symbol id="sm-736">
         <name>__aeabi_dadd</name>
         <value>0x2673</value>
         <object_component_ref idref="oc-2d5"/>
      </symbol>
      <symbol id="sm-758">
         <name>__aeabi_cdcmpeq</name>
         <value>0x300d</value>
         <object_component_ref idref="oc-2b6"/>
      </symbol>
      <symbol id="sm-759">
         <name>__aeabi_cdcmple</name>
         <value>0x300d</value>
         <object_component_ref idref="oc-2b6"/>
      </symbol>
      <symbol id="sm-75a">
         <name>__aeabi_cdrcmple</name>
         <value>0x3093</value>
         <object_component_ref idref="oc-2c0"/>
      </symbol>
      <symbol id="sm-76e">
         <name>__aeabi_ddiv</name>
         <value>0x2b11</value>
         <object_component_ref idref="oc-2bb"/>
      </symbol>
      <symbol id="sm-778">
         <name>__aeabi_d2iz</name>
         <value>0x37c1</value>
         <object_component_ref idref="oc-2c5"/>
      </symbol>
      <symbol id="sm-782">
         <name>__aeabi_i2d</name>
         <value>0x38fd</value>
         <object_component_ref idref="oc-2d0"/>
      </symbol>
      <symbol id="sm-791">
         <name>ltoa</name>
         <value>0x3549</value>
         <object_component_ref idref="oc-2ca"/>
      </symbol>
      <symbol id="sm-7a1">
         <name>memccpy</name>
         <value>0x3b2d</value>
         <object_component_ref idref="oc-2ec"/>
      </symbol>
      <symbol id="sm-7bc">
         <name>frexpl</name>
         <value>0x3429</value>
         <object_component_ref idref="oc-2da"/>
      </symbol>
      <symbol id="sm-7bd">
         <name>frexp</name>
         <value>0x3429</value>
         <object_component_ref idref="oc-2da"/>
      </symbol>
      <symbol id="sm-7da">
         <name>scalbn</name>
         <value>0x2d45</value>
         <object_component_ref idref="oc-2e0"/>
      </symbol>
      <symbol id="sm-7db">
         <name>scalbnl</name>
         <value>0x2d45</value>
         <object_component_ref idref="oc-2e0"/>
      </symbol>
      <symbol id="sm-7dc">
         <name>ldexpl</name>
         <value>0x2d45</value>
         <object_component_ref idref="oc-2e0"/>
      </symbol>
      <symbol id="sm-7dd">
         <name>ldexp</name>
         <value>0x2d45</value>
         <object_component_ref idref="oc-2e0"/>
      </symbol>
      <symbol id="sm-7e7">
         <name>_system_post_cinit</name>
         <value>0x2d43</value>
         <object_component_ref idref="oc-a6"/>
      </symbol>
      <symbol id="sm-7f7">
         <name>strchr</name>
         <value>0x3b79</value>
         <object_component_ref idref="oc-2e6"/>
      </symbol>
      <symbol id="sm-805">
         <name>strlen</name>
         <value>0x3c1d</value>
         <object_component_ref idref="oc-2b0"/>
      </symbol>
      <symbol id="sm-821">
         <name>__aeabi_uldivmod</name>
         <value>0x2475</value>
         <object_component_ref idref="oc-2ab"/>
      </symbol>
      <symbol id="sm-829">
         <name>errno</name>
         <value>0x2000008c</value>
         <object_component_ref idref="oc-350"/>
      </symbol>
      <symbol id="sm-833">
         <name>copysign</name>
         <value>0x3bf5</value>
         <object_component_ref idref="oc-34a"/>
      </symbol>
      <symbol id="sm-834">
         <name>copysignl</name>
         <value>0x3bf5</value>
         <object_component_ref idref="oc-34a"/>
      </symbol>
      <symbol id="sm-835">
         <name>__TI_static_base__</name>
         <value>0x0</value>
      </symbol>
      <symbol id="sm-838">
         <name>SHT$$INIT_ARRAY$$Limit</name>
         <value>0x0</value>
      </symbol>
      <symbol id="sm-839">
         <name>SHT$$INIT_ARRAY$$Base</name>
         <value>0x0</value>
      </symbol>
      <symbol id="sm-83a">
         <name>NMI_Handler</name>
         <value>0x3c7b</value>
      </symbol>
      <symbol id="sm-83b">
         <name>HardFault_Handler</name>
         <value>0x3c7b</value>
      </symbol>
      <symbol id="sm-83c">
         <name>MemManage_Handler</name>
         <value>0x3c7b</value>
      </symbol>
      <symbol id="sm-83d">
         <name>BusFault_Handler</name>
         <value>0x3c7b</value>
      </symbol>
      <symbol id="sm-83e">
         <name>UsageFault_Handler</name>
         <value>0x3c7b</value>
      </symbol>
      <symbol id="sm-83f">
         <name>SVC_Handler</name>
         <value>0x3c7b</value>
      </symbol>
      <symbol id="sm-840">
         <name>DebugMon_Handler</name>
         <value>0x3c7b</value>
      </symbol>
      <symbol id="sm-841">
         <name>PendSV_Handler</name>
         <value>0x3c7b</value>
      </symbol>
      <symbol id="sm-842">
         <name>SysTick_Handler</name>
         <value>0x3c7b</value>
      </symbol>
      <symbol id="sm-843">
         <name>PSS_IRQHandler</name>
         <value>0x3c7b</value>
      </symbol>
      <symbol id="sm-844">
         <name>CS_IRQHandler</name>
         <value>0x3c7b</value>
      </symbol>
      <symbol id="sm-845">
         <name>PCM_IRQHandler</name>
         <value>0x3c7b</value>
      </symbol>
      <symbol id="sm-846">
         <name>WDT_A_IRQHandler</name>
         <value>0x3c7b</value>
      </symbol>
      <symbol id="sm-847">
         <name>FPU_IRQHandler</name>
         <value>0x3c7b</value>
      </symbol>
      <symbol id="sm-848">
         <name>FLCTL_IRQHandler</name>
         <value>0x3c7b</value>
      </symbol>
      <symbol id="sm-849">
         <name>COMP_E0_IRQHandler</name>
         <value>0x3c7b</value>
      </symbol>
      <symbol id="sm-84a">
         <name>COMP_E1_IRQHandler</name>
         <value>0x3c7b</value>
      </symbol>
      <symbol id="sm-84b">
         <name>TA0_0_IRQHandler</name>
         <value>0x3c7b</value>
      </symbol>
      <symbol id="sm-84c">
         <name>TA0_N_IRQHandler</name>
         <value>0x3c7b</value>
      </symbol>
      <symbol id="sm-84d">
         <name>TA1_0_IRQHandler</name>
         <value>0x3c7b</value>
      </symbol>
      <symbol id="sm-84e">
         <name>TA1_N_IRQHandler</name>
         <value>0x3c7b</value>
      </symbol>
      <symbol id="sm-84f">
         <name>TA2_0_IRQHandler</name>
         <value>0x3c7b</value>
      </symbol>
      <symbol id="sm-850">
         <name>TA2_N_IRQHandler</name>
         <value>0x3c7b</value>
      </symbol>
      <symbol id="sm-851">
         <name>TA3_0_IRQHandler</name>
         <value>0x3c7b</value>
      </symbol>
      <symbol id="sm-852">
         <name>TA3_N_IRQHandler</name>
         <value>0x3c7b</value>
      </symbol>
      <symbol id="sm-853">
         <name>EUSCIA0_IRQHandler</name>
         <value>0x3c7b</value>
      </symbol>
      <symbol id="sm-854">
         <name>EUSCIA1_IRQHandler</name>
         <value>0x3c7b</value>
      </symbol>
      <symbol id="sm-855">
         <name>EUSCIA2_IRQHandler</name>
         <value>0x3c7b</value>
      </symbol>
      <symbol id="sm-856">
         <name>EUSCIA3_IRQHandler</name>
         <value>0x3c7b</value>
      </symbol>
      <symbol id="sm-857">
         <name>EUSCIB0_IRQHandler</name>
         <value>0x3c7b</value>
      </symbol>
      <symbol id="sm-858">
         <name>EUSCIB1_IRQHandler</name>
         <value>0x3c7b</value>
      </symbol>
      <symbol id="sm-859">
         <name>EUSCIB2_IRQHandler</name>
         <value>0x3c7b</value>
      </symbol>
      <symbol id="sm-85a">
         <name>EUSCIB3_IRQHandler</name>
         <value>0x3c7b</value>
      </symbol>
      <symbol id="sm-85b">
         <name>ADC14_IRQHandler</name>
         <value>0x3c7b</value>
      </symbol>
      <symbol id="sm-85c">
         <name>T32_INT1_IRQHandler</name>
         <value>0x3c7b</value>
      </symbol>
      <symbol id="sm-85d">
         <name>T32_INT2_IRQHandler</name>
         <value>0x3c7b</value>
      </symbol>
      <symbol id="sm-85e">
         <name>T32_INTC_IRQHandler</name>
         <value>0x3c7b</value>
      </symbol>
      <symbol id="sm-85f">
         <name>AES256_IRQHandler</name>
         <value>0x3c7b</value>
      </symbol>
      <symbol id="sm-860">
         <name>RTC_C_IRQHandler</name>
         <value>0x1de5</value>
      </symbol>
      <symbol id="sm-861">
         <name>DMA_ERR_IRQHandler</name>
         <value>0x3c7b</value>
      </symbol>
      <symbol id="sm-862">
         <name>DMA_INT3_IRQHandler</name>
         <value>0x3c7b</value>
      </symbol>
      <symbol id="sm-863">
         <name>DMA_INT2_IRQHandler</name>
         <value>0x3c7b</value>
      </symbol>
      <symbol id="sm-864">
         <name>DMA_INT1_IRQHandler</name>
         <value>0x3c7b</value>
      </symbol>
      <symbol id="sm-865">
         <name>DMA_INT0_IRQHandler</name>
         <value>0x3c7b</value>
      </symbol>
      <symbol id="sm-866">
         <name>PORT1_IRQHandler</name>
         <value>0x3c7b</value>
      </symbol>
      <symbol id="sm-867">
         <name>PORT2_IRQHandler</name>
         <value>0x3c7b</value>
      </symbol>
      <symbol id="sm-868">
         <name>PORT3_IRQHandler</name>
         <value>0x3c7b</value>
      </symbol>
      <symbol id="sm-869">
         <name>PORT4_IRQHandler</name>
         <value>0x3c7b</value>
      </symbol>
      <symbol id="sm-86a">
         <name>PORT5_IRQHandler</name>
         <value>0x3c7b</value>
      </symbol>
      <symbol id="sm-86b">
         <name>PORT6_IRQHandler</name>
         <value>0x3c7b</value>
      </symbol>
   </symbol_table>
   <title>Link successful</title>
</link_info>
