******************************************************************************
                  TI ARM Linker PC v15.12.3                    
******************************************************************************
>> Linked Wed Dec 13 16:23:06 2023

OUTPUT FILE NAME:   <Project.out>
ENTRY POINT SYMBOL: "_c_int00"  address: 000035a1


MEMORY CONFIGURATION

         name            origin    length      used     unused   attr    fill
----------------------  --------  ---------  --------  --------  ----  --------
  MAIN                  00000000   00040000  00003f54  0003c0ac  R  X
  INFO                  00200000   00004000  00000000  00004000  R  X
  SRAM_CODE             01000000   00010000  000002cd  0000fd33  RW X
  SRAM_DATA             20000000   00010000  000002cd  0000fd33  RW  


SEGMENT ALLOCATION MAP

run origin  load origin   length   init length attrs members
----------  ----------- ---------- ----------- ----- -------
00000000    00000000    00003f54   00003f54    r-x
  00000000    00000000    000000e4   000000e4    r-- .intvecs
  000000e4    000000e4    00003bc0   00003bc0    r-x .text
  00003ca4    00003ca4    00000204   00000204    r-- .const
  00003ea8    00003ea8    000000ac   000000ac    r-- .cinit
20000000    20000000    000000cd   00000000    rw-
  20000000    20000000    00000098   00000000    rw- .data
  20000098    20000098    00000035   00000000    rw- .bss
2000fe00    2000fe00    00000200   00000000    rw-
  2000fe00    2000fe00    00000200   00000000    rw- .stack


SECTION ALLOCATION MAP

 output                                  attributes/
section   page    origin      length       input sections
--------  ----  ----------  ----------   ----------------
.intvecs   0    00000000    000000e4     
                  00000000    000000e4     startup_msp432p401r_ccs.obj (.intvecs:retain)

.binit     0    00000000    00000000     

.text      0    000000e4    00003bc0     
                  000000e4    00001110     rtsv7M4_T_le_v4SPD16_eabi.lib : _printfi.obj (.text)
                  000011f4    00000d48     main.obj (.text)
                  00001f3c    0000032c     system_msp432p401r.obj (.text)
                  00002268    0000020c     LCD.obj (.text)
                  00002474    000001f4     rtsv7M4_T_le_v4SPD16_eabi.lib : ull_div_t2.obj (.text)
                  00002668    000001b6                                   : fd_add_t2.obj (.text)
                  0000281e    00000002                                   : mpu_init.obj (.text)
                  00002820    0000019c     keypad.obj (.text)
                  000029bc    00000154     msp432p4xx_driverlib.lib : adc14.o (.text:_getIndexForMemRegister)
                  00002b10    00000136     rtsv7M4_T_le_v4SPD16_eabi.lib : fd_div_t2.obj (.text)
                  00002c46    000000fc                                   : fd_mul_t2.obj (.text)
                  00002d42    00000002                                   : startup.obj (.text)
                  00002d44    000000fc                                   : s_scalbn.obj (.text)
                  00002e40    0000009c     msp432p4xx_driverlib.lib : cs.o (.text:CS_startLFXTWithTimeout)
                  00002edc    0000009c     rtsv7M4_T_le_v4SPD16_eabi.lib : memcpy_t2.obj (.text)
                  00002f78    00000094     msp432p4xx_driverlib.lib : uart.o (.text:UART_initModule)
                  0000300c    00000086     rtsv7M4_T_le_v4SPD16_eabi.lib : fd_cmp_t2.obj (.text:__aeabi_cdcmple)
                  00003092    00000086                                   : fd_cmp_t2.obj (.text:__aeabi_cdrcmple)
                  00003118    0000007a                                   : memset_t2.obj (.text)
                  00003192    00000002     --HOLE-- [fill = 0]
                  00003194    00000078     msp432p4xx_driverlib.lib : adc14.o (.text:ADC14_configureMultiSequenceMode)
                  0000320c    00000070     rtsv7M4_T_le_v4SPD16_eabi.lib : autoinit.obj (.text)
                  0000327c    0000006e                                   : fd_tos_t2.obj (.text)
                  000032ea    00000002     --HOLE-- [fill = 0]
                  000032ec    0000006c     msp432p4xx_driverlib.lib : adc14.o (.text:ADC14_configureConversionMemory)
                  00003358    0000006a     rtsv7M4_T_le_v4SPD16_eabi.lib : copy_decompress_rle.obj (.text)
                  000033c2    00000002     --HOLE-- [fill = 0]
                  000033c4    00000064     msp432p4xx_driverlib.lib : interrupt.o (.text:Interrupt_enableInterrupt)
                  00003428    00000064     rtsv7M4_T_le_v4SPD16_eabi.lib : s_frexp.obj (.text)
                  0000348c    00000060                                   : sprintf.obj (.text)
                  000034ec    0000005c     msp432p4xx_driverlib.lib : rtc_c.o (.text:RTC_C_initCalendar)
                  00003548    00000056     rtsv7M4_T_le_v4SPD16_eabi.lib : ltoa.obj (.text)
                  0000359e    00000002     --HOLE-- [fill = 0]
                  000035a0    00000054                                   : boot.obj (.text)
                  000035f4    00000054                                   : exit.obj (.text)
                  00003648    00000050     msp432p4xx_driverlib.lib : rtc_c.o (.text:RTC_C_clearInterruptFlag)
                  00003698    0000004c     rtsv7M4_T_le_v4SPD16_eabi.lib : atoi.obj (.text)
                  000036e4    0000004c                                   : cpy_tbl.obj (.text)
                  00003730    00000048     msp432p4xx_driverlib.lib : gpio.o (.text:GPIO_setAsPeripheralModuleFunctionInputPin)
                  00003778    00000048                              : rtc_c.o (.text:RTC_C_getEnabledInterruptStatus)
                  000037c0    00000048     rtsv7M4_T_le_v4SPD16_eabi.lib : fd_toi_t2.obj (.text)
                  00003808    00000044     msp432p4xx_driverlib.lib : adc14.o (.text:ADC14_getMultiSequenceResult)
                  0000384c    00000040                              : rtc_c.o (.text:RTC_C_enableInterrupt)
                  0000388c    00000038                              : adc14.o (.text:ADC14_initModule)
                  000038c4    00000038     rtsv7M4_T_le_v4SPD16_eabi.lib : fs_tod_t2.obj (.text)
                  000038fc    0000002e                                   : i_tofd_t2.obj (.text)
                  0000392a    00000002     --HOLE-- [fill = 0]
                  0000392c    0000002c     msp432p4xx_driverlib.lib : adc14.o (.text:ADC14_enableConversion)
                  00003958    0000002c                              : rtc_c.o (.text:RTC_C_getInterruptStatus)
                  00003984    0000002c                              : rtc_c.o (.text:RTC_C_setCalendarEvent)
                  000039b0    00000028                              : adc14.o (.text:ADC14_enableSampleTimer)
                  000039d8    00000024                              : cs.o (.text:CS_setDCOCenteredFrequency)
                  000039fc    00000024                              : gpio.o (.text:GPIO_setAsOutputPin)
                  00003a20    00000024                              : rtc_c.o (.text:RTC_C_holdClock)
                  00003a44    00000024                              : rtc_c.o (.text:RTC_C_setCalendarAlarm)
                  00003a68    00000024                              : rtc_c.o (.text:RTC_C_startClock)
                  00003a8c    00000024                              : uart.o (.text:UART_transmitData)
                  00003ab0    00000020                              : adc14.o (.text:ADC14_toggleConversionTrigger)
                  00003ad0    00000020     rtsv7M4_T_le_v4SPD16_eabi.lib : u_tofd_t2.obj (.text)
                  00003af0    0000001e                                   : strcat.obj (.text)
                  00003b0e    00000002     --HOLE-- [fill = 0]
                  00003b10    0000001c     msp432p4xx_driverlib.lib : adc14.o (.text:ADC14_getInterruptStatus)
                  00003b2c    0000001c     rtsv7M4_T_le_v4SPD16_eabi.lib : memccpy.obj (.text)
                  00003b48    00000018     msp432p4xx_driverlib.lib : wdt_a.o (.text:WDT_A_holdTimer)
                  00003b60    00000018     rtsv7M4_T_le_v4SPD16_eabi.lib : args_main.obj (.text)
                  00003b78    00000016                                   : strchr.obj (.text)
                  00003b8e    00000002     --HOLE-- [fill = 0]
                  00003b90    00000014     msp432p4xx_driverlib.lib : adc14.o (.text:ADC14_setResolution)
                  00003ba4    00000014                              : adc14.o (.text:ADCIsConversionRunning)
                  00003bb8    00000014                              : cs.o (.text:CS_setExternalClockSourceFrequency)
                  00003bcc    00000014                              : gpio.o (.text:GPIO_toggleOutputOnPin)
                  00003be0    00000014     rtsv7M4_T_le_v4SPD16_eabi.lib : _lock.obj (.text)
                  00003bf4    00000014                                   : s_copysign.obj (.text)
                  00003c08    00000014                                   : strcpy.obj (.text)
                  00003c1c    00000014                                   : strlen.obj (.text)
                  00003c30    00000010     msp432p4xx_driverlib.lib : adc14.o (.text:ADC14_enableModule)
                  00003c40    00000010                              : sysctl.o (.text:SysCtl_disableNMISource)
                  00003c50    00000010                              : sysctl.o (.text:SysCtl_enableNMISource)
                  00003c60    0000000e     rtsv7M4_T_le_v4SPD16_eabi.lib : copy_decompress_none.obj (.text:decompress:none)
                  00003c6e    0000000e     startup_msp432p401r_ccs.obj (.text)
                  00003c7c    0000000c     msp432p4xx_driverlib.lib : sysctl.o (.text:SysCtl_getNMISourceStatus)
                  00003c88    0000000c                              : uart.o (.text:UART_enableModule)
                  00003c94    00000006                              : cs.o (.text:CS_startLFXT)
                  00003c9a    00000006     rtsv7M4_T_le_v4SPD16_eabi.lib : copy_decompress_rle.obj (.text:decompress:rle24)
                  00003ca0    00000004                                   : pre_init.obj (.text)

.const     0    00003ca4    00000204     
                  00003ca4    00000101     rtsv7M4_T_le_v4SPD16_eabi.lib : ctype.obj (.const:.string:_ctypes_)
                  00003da5    00000003     --HOLE-- [fill = 0]
                  00003da8    00000080     msp432p4xx_driverlib.lib : adc14.o (.const:_ctlRegs)
                  00003e28    00000040                              : interrupt.o (.const)
                  00003e68    00000024     main.obj (.const:$P$T0$1)
                  00003e8c    0000001c     main.obj (.const:currentTime)

.cinit     0    00003ea8    000000ac     
                  00003ea8    00000086     (.cinit..data.load) [load image, compression = rle]
                  00003f2e    00000002     --HOLE-- [fill = 0]
                  00003f30    00000009     (.cinit..bss.load) [load image, compression = rle]
                  00003f39    00000003     --HOLE-- [fill = 0]
                  00003f3c    00000008     (__TI_handler_table)
                  00003f44    00000010     (__TI_cinit_table)

.init_array 
*          0    00000000    00000000     UNINITIALIZED

.data      0    20000000    00000098     UNINITIALIZED
                  20000000    00000030     msp432p4xx_driverlib.lib : gpio.o (.data:GPIO_PORT_TO_BASE)
                  20000030    0000001c     main.obj (.data:newTime)
                  2000004c    00000011     main.obj (.data:chars)
                  2000005d    00000011     main.obj (.data:keyarray)
                  2000006e    00000002     --HOLE--
                  20000070    0000000c     rtsv7M4_T_le_v4SPD16_eabi.lib : exit.obj (.data:$O1$$)
                  2000007c    00000008                                   : _lock.obj (.data:$O1$$)
                  20000084    00000008     main.obj (.data:state_table)
                  2000008c    00000004     rtsv7M4_T_le_v4SPD16_eabi.lib : errno.obj (.data)
                  20000090    00000004                                   : stkdepth_vars.obj (.data)
                  20000094    00000004     system_msp432p401r.obj (.data)

.bss       0    20000098    00000035     UNINITIALIZED
                  20000098    0000000c     (.common:results)
                  200000a4    00000008     main.obj (.bss:resultsBuffer)
                  200000ac    00000004     (.common:hfxtFreq)
                  200000b0    00000004     (.common:i)
                  200000b4    00000004     (.common:k)
                  200000b8    00000004     (.common:lfxtFreq)
                  200000bc    00000001     (.common:curr_state)
                  200000bd    00000001     (.common:d1)
                  200000be    00000001     (.common:d2)
                  200000bf    00000001     (.common:h1)
                  200000c0    00000001     (.common:h2)
                  200000c1    00000001     (.common:hours)
                  200000c2    00000001     (.common:keyC)
                  200000c3    00000001     (.common:keyN)
                  200000c4    00000001     (.common:m1)
                  200000c5    00000001     (.common:m2)
                  200000c6    00000001     (.common:min1)
                  200000c7    00000001     (.common:min2)
                  200000c8    00000001     (.common:minutes)
                  200000c9    00000001     (.common:y1)
                  200000ca    00000001     (.common:y2)
                  200000cb    00000001     (.common:y3)
                  200000cc    00000001     (.common:y4)

.stack     0    2000fe00    00000200     UNINITIALIZED
                  2000fe00    00000200     --HOLE--

MODULE SUMMARY

       Module                        code    ro data   rw data
       ------                        ----    -------   -------
    .\
       main.obj                      3400    64        230    
       system_msp432p401r.obj        812     0         8      
       LCD.obj                       524     0         0      
       keypad.obj                    412     0         0      
       startup_msp432p401r_ccs.obj   14      228       0      
    +--+-----------------------------+-------+---------+---------+
       Total:                        5162    292       238    
                                                              
    ../msp432p4xx_driverlib.lib
       adc14.o                       892     128       0      
       rtc_c.o                       504     0         0      
       cs.o                          218     0         16     
       gpio.o                        128     0         96     
       uart.o                        196     0         0      
       interrupt.o                   100     64        0      
       sysctl.o                      44      0         0      
       wdt_a.o                       24      0         0      
    +--+-----------------------------+-------+---------+---------+
       Total:                        2106    192       112    
                                                              
    C:\ti\ccsv6\tools\compiler\arm_15.12.3.LTS\lib\rtsv7M4_T_le_v4SPD16_eabi.lib
       _printfi.obj                  4368    0         0      
       ull_div_t2.obj                500     0         0      
       fd_add_t2.obj                 438     0         0      
       fd_div_t2.obj                 310     0         0      
       fd_cmp_t2.obj                 268     0         0      
       ctype.obj                     0       257       0      
       fd_mul_t2.obj                 252     0         0      
       s_scalbn.obj                  252     0         0      
       memcpy_t2.obj                 156     0         0      
       memset_t2.obj                 122     0         0      
       autoinit.obj                  112     0         0      
       copy_decompress_rle.obj       112     0         0      
       fd_tos_t2.obj                 110     0         0      
       exit.obj                      84      0         24     
       s_frexp.obj                   100     0         0      
       sprintf.obj                   96      0         0      
       ltoa.obj                      86      0         0      
       boot.obj                      84      0         0      
       atoi.obj                      76      0         0      
       cpy_tbl.obj                   76      0         0      
       fd_toi_t2.obj                 72      0         0      
       fs_tod_t2.obj                 56      0         0      
       i_tofd_t2.obj                 46      0         0      
       _lock.obj                     20      0         16     
       u_tofd_t2.obj                 32      0         0      
       strcat.obj                    30      0         0      
       memccpy.obj                   28      0         0      
       args_main.obj                 24      0         0      
       strchr.obj                    22      0         0      
       s_copysign.obj                20      0         0      
       strcpy.obj                    20      0         0      
       strlen.obj                    20      0         0      
       copy_decompress_none.obj      14      0         0      
       errno.obj                     0       0         8      
       stkdepth_vars.obj             0       0         8      
       pre_init.obj                  4       0         0      
       mpu_init.obj                  2       0         0      
       startup.obj                   2       0         0      
    +--+-----------------------------+-------+---------+---------+
       Total:                        8014    257       56     
                                                              
       Stack:                        0       0         1024   
       Linker Generated:             0       167       0      
    +--+-----------------------------+-------+---------+---------+
       Grand Total:                  15282   908       1430   


LINKER GENERATED COPY TABLES

__TI_cinit_table @ 00003f44 records: 2, size/record: 8, table size: 16
	.data: load addr=00003ea8, load size=00000086 bytes, run addr=20000000, run size=00000098 bytes, compression=rle
	.bss: load addr=00003f30, load size=00000009 bytes, run addr=20000098, run size=00000035 bytes, compression=rle


LINKER GENERATED HANDLER TABLE

__TI_handler_table @ 00003f3c records: 2, size/record: 4, table size: 8
	index: 0, handler: __TI_decompress_rle24
	index: 1, handler: __TI_decompress_none


GLOBAL SYMBOLS: SORTED ALPHABETICALLY BY Name 

address   name                                      
-------   ----                                      
00003c7b  ADC14_IRQHandler                          
00001d87  ADC14_Init_3channels                      
000032ed  ADC14_configureConversionMemory           
00003195  ADC14_configureMultiSequenceMode          
0000392d  ADC14_enableConversion                    
00003c31  ADC14_enableModule                        
000039b1  ADC14_enableSampleTimer                   
00003b11  ADC14_getInterruptStatus                  
00003809  ADC14_getMultiSequenceResult              
0000388d  ADC14_initModule                          
00003b91  ADC14_setResolution                       
00003ab1  ADC14_toggleConversionTrigger             
00003c7b  AES256_IRQHandler                         
00003c7b  BusFault_Handler                          
000035f5  C$$EXIT                                   
00003c7b  COMP_E0_IRQHandler                        
00003c7b  COMP_E1_IRQHandler                        
00003c7b  CS_IRQHandler                             
000039d9  CS_setDCOCenteredFrequency                
00003bb9  CS_setExternalClockSourceFrequency        
00003c95  CS_startLFXT                              
00002e41  CS_startLFXTWithTimeout                   
00003c7b  DMA_ERR_IRQHandler                        
00003c7b  DMA_INT0_IRQHandler                       
00003c7b  DMA_INT1_IRQHandler                       
00003c7b  DMA_INT2_IRQHandler                       
00003c7b  DMA_INT3_IRQHandler                       
00003c7b  DebugMon_Handler                          
00003c7b  Default_Handler                           
00003c7b  EUSCIA0_IRQHandler                        
00003c7b  EUSCIA1_IRQHandler                        
00003c7b  EUSCIA2_IRQHandler                        
00003c7b  EUSCIA3_IRQHandler                        
00003c7b  EUSCIB0_IRQHandler                        
00003c7b  EUSCIB1_IRQHandler                        
00003c7b  EUSCIB2_IRQHandler                        
00003c7b  EUSCIB3_IRQHandler                        
00003c7b  FLCTL_IRQHandler                          
00003c7b  FPU_IRQHandler                            
000039fd  GPIO_setAsOutputPin                       
00003731  GPIO_setAsPeripheralModuleFunctionInputPin
00003bcd  GPIO_toggleOutputOnPin                    
00002919  GetKey                                    
0000121b  HW_Init                                   
00003c7b  HardFault_Handler                         
00002821  InitKeypad                                
000033c5  Interrupt_enableInterrupt                 
00002305  LCD_Comd                                  
0000233f  LCD_Data                                  
00002269  LCD_Init                                  
00002395  LCD_cd_Write                              
00003c7b  MemManage_Handler                         
00003c7b  NMI_Handler                               
00003c7b  PCM_IRQHandler                            
00003c7b  PORT1_IRQHandler                          
00003c7b  PORT2_IRQHandler                          
00003c7b  PORT3_IRQHandler                          
00003c7b  PORT4_IRQHandler                          
00003c7b  PORT5_IRQHandler                          
00003c7b  PORT6_IRQHandler                          
00003c7b  PSS_IRQHandler                            
00003c7b  PendSV_Handler                            
00001de5  RTC_C_IRQHandler                          
00001de5  RTC_C_IRQHandler                          
00003649  RTC_C_clearInterruptFlag                  
0000384d  RTC_C_enableInterrupt                     
00003779  RTC_C_getEnabledInterruptStatus           
00003959  RTC_C_getInterruptStatus                  
00003a21  RTC_C_holdClock                           
000034ed  RTC_C_initCalendar                        
00003a45  RTC_C_setCalendarAlarm                    
00003985  RTC_C_setCalendarEvent                    
00003a69  RTC_C_startClock                          
00001d27  RTC_Init                                  
00002885  ReadKeypad                                
00003c6f  Reset_Handler                             
UNDEFED   SHT$$INIT_ARRAY$$Base                     
UNDEFED   SHT$$INIT_ARRAY$$Limit                    
00002369  SPIB_Write                                
00003c7b  SVC_Handler                               
00003c41  SysCtl_disableNMISource                   
00003c51  SysCtl_enableNMISource                    
00003c7d  SysCtl_getNMISourceStatus                 
00003c7b  SysTick_Handler                           
20000094  SystemCoreClock                           
00001f3d  SystemCoreClockUpdate                     
000021b1  SystemInit                                
00003c7b  T32_INT1_IRQHandler                       
00003c7b  T32_INT2_IRQHandler                       
00003c7b  T32_INTC_IRQHandler                       
00003c7b  TA0_0_IRQHandler                          
00003c7b  TA0_N_IRQHandler                          
00003c7b  TA1_0_IRQHandler                          
00003c7b  TA1_N_IRQHandler                          
00003c7b  TA2_0_IRQHandler                          
00003c7b  TA2_N_IRQHandler                          
00003c7b  TA3_0_IRQHandler                          
00003c7b  TA3_N_IRQHandler                          
00001cb1  UART_Init                                 
00001ced  UART_LCD_SendStr                          
00003c89  UART_enableModule                         
00002f79  UART_initModule                           
00003a8d  UART_transmitData                         
00003c7b  UsageFault_Handler                        
4000480c  WDTCTL_SYM                                
00003c7b  WDT_A_IRQHandler                          
00003b49  WDT_A_holdTimer                           
20010000  __STACK_END                               
00000200  __STACK_SIZE                              
00003f44  __TI_CINIT_Base                           
00003f54  __TI_CINIT_Limit                          
00003f3c  __TI_Handler_Table_Base                   
00003f44  __TI_Handler_Table_Limit                  
0000320d  __TI_auto_init                            
20000070  __TI_cleanup_ptr                          
00003c61  __TI_decompress_none                      
00003c9b  __TI_decompress_rle24                     
20000074  __TI_dtors_ptr                            
20000078  __TI_enable_exit_profile_output           
ffffffff  __TI_pprof_out_hndl                       
00000eef  __TI_printfi                              
ffffffff  __TI_prof_data_size                       
ffffffff  __TI_prof_data_start                      
00000000  __TI_static_base__                        
0000300d  __aeabi_cdcmpeq                           
0000300d  __aeabi_cdcmple                           
00003093  __aeabi_cdrcmple                          
0000327d  __aeabi_d2f                               
000037c1  __aeabi_d2iz                              
00002673  __aeabi_dadd                              
00002b11  __aeabi_ddiv                              
00002c47  __aeabi_dmul                              
00002669  __aeabi_dsub                              
000038c5  __aeabi_f2d                               
000038fd  __aeabi_i2d                               
00003119  __aeabi_memclr                            
00003119  __aeabi_memclr4                           
00003119  __aeabi_memclr8                           
00002edd  __aeabi_memcpy                            
00002edd  __aeabi_memcpy4                           
00002edd  __aeabi_memcpy8                           
0000311b  __aeabi_memset                            
0000311b  __aeabi_memset4                           
0000311b  __aeabi_memset8                           
00003ad1  __aeabi_ui2d                              
00002475  __aeabi_uldivmod                          
ffffffff  __binit__                                 
ffffffff  __c_args__                                
0000281f  __mpu_init                                
2000fe00  __stack                                   
00003b61  _args_main                                
000035a1  _c_int00                                  
00003ca4  _ctypes_                                  
2000007c  _lock                                     
00003bef  _nop                                      
00003be7  _register_lock                            
00003be1  _register_unlock                          
00002d43  _system_post_cinit                        
00003ca1  _system_pre_init                          
20000080  _unlock                                   
000035f9  abort                                     
00003699  atoi                                      
ffffffff  binit                                     
2000004c  chars                                     
000036e5  copy_in                                   
00003bf5  copysign                                  
00003bf5  copysignl                                 
200000bc  curr_state                                
00003e8c  currentTime                               
200000bd  d1                                        
200000be  d2                                        
000023f5  delay_ms                                  
00002433  delay_us                                  
2000008c  errno                                     
00003601  exit                                      
00003429  frexp                                     
00003429  frexpl                                    
200000bf  h1                                        
200000c0  h2                                        
200000c1  hours                                     
200000b0  i                                         
0000126d  idle_f                                    
00000000  interruptVectors                          
200000b4  k                                         
200000c2  keyC                                      
200000c3  keyN                                      
2000005d  keyarray                                  
00002d45  ldexp                                     
00002d45  ldexpl                                    
00003549  ltoa                                      
200000c4  m1                                        
200000c5  m2                                        
000011fd  main                                      
20000090  main_func_sp                              
00003b2d  memccpy                                   
00002edd  memcpy                                    
00003121  memset                                    
200000c6  min1                                      
200000c7  min2                                      
200000c8  minutes                                   
00001e71  my_RTC_C_getCalendarTime                  
20000098  results                                   
000012d3  run_f                                     
00002d45  scalbn                                    
00002d45  scalbnl                                   
00001919  setAlarm                                  
0000348d  sprintf                                   
20000084  state_table                               
00003af1  strcat                                    
00003b79  strchr                                    
00003c09  strcpy                                    
00003c1d  strlen                                    
00001b1d  time_to_str                               
0000133f  tone                                      
000013a1  updateTime                                
00001bcd  values_to_str                             
200000c9  y1                                        
200000ca  y2                                        
200000cb  y3                                        
200000cc  y4                                        


GLOBAL SYMBOLS: SORTED BY Symbol Address 

address   name                                      
-------   ----                                      
00000000  __TI_static_base__                        
00000000  interruptVectors                          
00000200  __STACK_SIZE                              
00000eef  __TI_printfi                              
000011fd  main                                      
0000121b  HW_Init                                   
0000126d  idle_f                                    
000012d3  run_f                                     
0000133f  tone                                      
000013a1  updateTime                                
00001919  setAlarm                                  
00001b1d  time_to_str                               
00001bcd  values_to_str                             
00001cb1  UART_Init                                 
00001ced  UART_LCD_SendStr                          
00001d27  RTC_Init                                  
00001d87  ADC14_Init_3channels                      
00001de5  RTC_C_IRQHandler                          
00001de5  RTC_C_IRQHandler                          
00001e71  my_RTC_C_getCalendarTime                  
00001f3d  SystemCoreClockUpdate                     
000021b1  SystemInit                                
00002269  LCD_Init                                  
00002305  LCD_Comd                                  
0000233f  LCD_Data                                  
00002369  SPIB_Write                                
00002395  LCD_cd_Write                              
000023f5  delay_ms                                  
00002433  delay_us                                  
00002475  __aeabi_uldivmod                          
00002669  __aeabi_dsub                              
00002673  __aeabi_dadd                              
0000281f  __mpu_init                                
00002821  InitKeypad                                
00002885  ReadKeypad                                
00002919  GetKey                                    
00002b11  __aeabi_ddiv                              
00002c47  __aeabi_dmul                              
00002d43  _system_post_cinit                        
00002d45  ldexp                                     
00002d45  ldexpl                                    
00002d45  scalbn                                    
00002d45  scalbnl                                   
00002e41  CS_startLFXTWithTimeout                   
00002edd  __aeabi_memcpy                            
00002edd  __aeabi_memcpy4                           
00002edd  __aeabi_memcpy8                           
00002edd  memcpy                                    
00002f79  UART_initModule                           
0000300d  __aeabi_cdcmpeq                           
0000300d  __aeabi_cdcmple                           
00003093  __aeabi_cdrcmple                          
00003119  __aeabi_memclr                            
00003119  __aeabi_memclr4                           
00003119  __aeabi_memclr8                           
0000311b  __aeabi_memset                            
0000311b  __aeabi_memset4                           
0000311b  __aeabi_memset8                           
00003121  memset                                    
00003195  ADC14_configureMultiSequenceMode          
0000320d  __TI_auto_init                            
0000327d  __aeabi_d2f                               
000032ed  ADC14_configureConversionMemory           
000033c5  Interrupt_enableInterrupt                 
00003429  frexp                                     
00003429  frexpl                                    
0000348d  sprintf                                   
000034ed  RTC_C_initCalendar                        
00003549  ltoa                                      
000035a1  _c_int00                                  
000035f5  C$$EXIT                                   
000035f9  abort                                     
00003601  exit                                      
00003649  RTC_C_clearInterruptFlag                  
00003699  atoi                                      
000036e5  copy_in                                   
00003731  GPIO_setAsPeripheralModuleFunctionInputPin
00003779  RTC_C_getEnabledInterruptStatus           
000037c1  __aeabi_d2iz                              
00003809  ADC14_getMultiSequenceResult              
0000384d  RTC_C_enableInterrupt                     
0000388d  ADC14_initModule                          
000038c5  __aeabi_f2d                               
000038fd  __aeabi_i2d                               
0000392d  ADC14_enableConversion                    
00003959  RTC_C_getInterruptStatus                  
00003985  RTC_C_setCalendarEvent                    
000039b1  ADC14_enableSampleTimer                   
000039d9  CS_setDCOCenteredFrequency                
000039fd  GPIO_setAsOutputPin                       
00003a21  RTC_C_holdClock                           
00003a45  RTC_C_setCalendarAlarm                    
00003a69  RTC_C_startClock                          
00003a8d  UART_transmitData                         
00003ab1  ADC14_toggleConversionTrigger             
00003ad1  __aeabi_ui2d                              
00003af1  strcat                                    
00003b11  ADC14_getInterruptStatus                  
00003b2d  memccpy                                   
00003b49  WDT_A_holdTimer                           
00003b61  _args_main                                
00003b79  strchr                                    
00003b91  ADC14_setResolution                       
00003bb9  CS_setExternalClockSourceFrequency        
00003bcd  GPIO_toggleOutputOnPin                    
00003be1  _register_unlock                          
00003be7  _register_lock                            
00003bef  _nop                                      
00003bf5  copysign                                  
00003bf5  copysignl                                 
00003c09  strcpy                                    
00003c1d  strlen                                    
00003c31  ADC14_enableModule                        
00003c41  SysCtl_disableNMISource                   
00003c51  SysCtl_enableNMISource                    
00003c61  __TI_decompress_none                      
00003c6f  Reset_Handler                             
00003c7b  ADC14_IRQHandler                          
00003c7b  AES256_IRQHandler                         
00003c7b  BusFault_Handler                          
00003c7b  COMP_E0_IRQHandler                        
00003c7b  COMP_E1_IRQHandler                        
00003c7b  CS_IRQHandler                             
00003c7b  DMA_ERR_IRQHandler                        
00003c7b  DMA_INT0_IRQHandler                       
00003c7b  DMA_INT1_IRQHandler                       
00003c7b  DMA_INT2_IRQHandler                       
00003c7b  DMA_INT3_IRQHandler                       
00003c7b  DebugMon_Handler                          
00003c7b  Default_Handler                           
00003c7b  EUSCIA0_IRQHandler                        
00003c7b  EUSCIA1_IRQHandler                        
00003c7b  EUSCIA2_IRQHandler                        
00003c7b  EUSCIA3_IRQHandler                        
00003c7b  EUSCIB0_IRQHandler                        
00003c7b  EUSCIB1_IRQHandler                        
00003c7b  EUSCIB2_IRQHandler                        
00003c7b  EUSCIB3_IRQHandler                        
00003c7b  FLCTL_IRQHandler                          
00003c7b  FPU_IRQHandler                            
00003c7b  HardFault_Handler                         
00003c7b  MemManage_Handler                         
00003c7b  NMI_Handler                               
00003c7b  PCM_IRQHandler                            
00003c7b  PORT1_IRQHandler                          
00003c7b  PORT2_IRQHandler                          
00003c7b  PORT3_IRQHandler                          
00003c7b  PORT4_IRQHandler                          
00003c7b  PORT5_IRQHandler                          
00003c7b  PORT6_IRQHandler                          
00003c7b  PSS_IRQHandler                            
00003c7b  PendSV_Handler                            
00003c7b  SVC_Handler                               
00003c7b  SysTick_Handler                           
00003c7b  T32_INT1_IRQHandler                       
00003c7b  T32_INT2_IRQHandler                       
00003c7b  T32_INTC_IRQHandler                       
00003c7b  TA0_0_IRQHandler                          
00003c7b  TA0_N_IRQHandler                          
00003c7b  TA1_0_IRQHandler                          
00003c7b  TA1_N_IRQHandler                          
00003c7b  TA2_0_IRQHandler                          
00003c7b  TA2_N_IRQHandler                          
00003c7b  TA3_0_IRQHandler                          
00003c7b  TA3_N_IRQHandler                          
00003c7b  UsageFault_Handler                        
00003c7b  WDT_A_IRQHandler                          
00003c7d  SysCtl_getNMISourceStatus                 
00003c89  UART_enableModule                         
00003c95  CS_startLFXT                              
00003c9b  __TI_decompress_rle24                     
00003ca1  _system_pre_init                          
00003ca4  _ctypes_                                  
00003e8c  currentTime                               
00003f3c  __TI_Handler_Table_Base                   
00003f44  __TI_CINIT_Base                           
00003f44  __TI_Handler_Table_Limit                  
00003f54  __TI_CINIT_Limit                          
2000004c  chars                                     
2000005d  keyarray                                  
20000070  __TI_cleanup_ptr                          
20000074  __TI_dtors_ptr                            
20000078  __TI_enable_exit_profile_output           
2000007c  _lock                                     
20000080  _unlock                                   
20000084  state_table                               
2000008c  errno                                     
20000090  main_func_sp                              
20000094  SystemCoreClock                           
20000098  results                                   
200000b0  i                                         
200000b4  k                                         
200000bc  curr_state                                
200000bd  d1                                        
200000be  d2                                        
200000bf  h1                                        
200000c0  h2                                        
200000c1  hours                                     
200000c2  keyC                                      
200000c3  keyN                                      
200000c4  m1                                        
200000c5  m2                                        
200000c6  min1                                      
200000c7  min2                                      
200000c8  minutes                                   
200000c9  y1                                        
200000ca  y2                                        
200000cb  y3                                        
200000cc  y4                                        
2000fe00  __stack                                   
20010000  __STACK_END                               
4000480c  WDTCTL_SYM                                
ffffffff  __TI_pprof_out_hndl                       
ffffffff  __TI_prof_data_size                       
ffffffff  __TI_prof_data_start                      
ffffffff  __binit__                                 
ffffffff  __c_args__                                
ffffffff  binit                                     
UNDEFED   SHT$$INIT_ARRAY$$Base                     
UNDEFED   SHT$$INIT_ARRAY$$Limit                    

[220 symbols]
